#
# There is insufficient memory for the Java Runtime Environment to continue.
# Native memory allocation (malloc) failed to allocate 577296 bytes for Chunk::new
# Possible reasons:
#   The system is out of physical RAM or swap space
#   The process is running with CompressedOops enabled, and the Java Heap may be blocking the growth of the native heap
# Possible solutions:
#   Reduce memory load on the system
#   Increase physical memory or swap space
#   Check if swap backing store is full
#   Decrease Java heap size (-Xmx/-Xms)
#   Decrease number of Java threads
#   Decrease Java thread stack sizes (-Xss)
#   Set larger code cache with -XX:ReservedCodeCacheSize=
#   JVM is running with Unscaled Compressed Oops mode in which the Java heap is
#     placed in the first 4GB address space. The Java Heap base address is the
#     maximum limit for the native heap growth. Please use -XX:HeapBaseMinAddress
#     to set the Java Heap base and to place the Java Heap above 4GB virtual address.
# This output file may be truncated or incomplete.
#
#  Out of Memory Error (src/hotspot/share/memory/arena.cpp:197), pid=2416, tid=6548
#
# JRE version: OpenJDK Runtime Environment (11.0.15) (build 11.0.15+0-b2043.56-9505619)
# Java VM: OpenJDK 64-Bit Server VM (11.0.15+0-b2043.56-9505619, mixed mode, tiered, compressed oops, g1 gc, windows-amd64)
# No core dump will be written. Minidumps are not enabled by default on client versions of Windows
#

---------------  S U M M A R Y ------------

Command Line: --add-opens=java.base/java.util=ALL-UNNAMED --add-opens=java.base/java.lang=ALL-UNNAMED --add-opens=java.base/java.lang.invoke=ALL-UNNAMED --add-opens=java.base/java.util=ALL-UNNAMED --add-opens=java.prefs/java.util.prefs=ALL-UNNAMED --add-opens=java.prefs/java.util.prefs=ALL-UNNAMED --add-opens=java.base/java.nio.charset=ALL-UNNAMED --add-opens=java.base/java.net=ALL-UNNAMED --add-opens=java.base/java.util.concurrent.atomic=ALL-UNNAMED -Xmx2048m -Dfile.encoding=windows-1253 -Duser.country=GR -Duser.language=el -Duser.variant org.gradle.launcher.daemon.bootstrap.GradleDaemon 7.5

Host: AMD Ryzen 5 3500U with Radeon Vega Mobile Gfx  , 8 cores, 6G,  Windows 11 , 64 bit Build 22621 (10.0.22621.5415)
Time: Tue Dec  2 15:00:54 2025  Windows 11 , 64 bit Build 22621 (10.0.22621.5415) elapsed time: 219.419641 seconds (0d 0h 3m 39s)

---------------  T H R E A D  ---------------

Current thread (0x000001eb3c576800):  JavaThread "C2 CompilerThread1" daemon [_thread_in_native, id=6548, stack(0x0000008b04400000,0x0000008b04500000)]


Current CompileTask:
C2: 219419 13895       4       org.gradle.internal.serialize.kryo.StringDeduplicatingKryoBackedEncoder::writeNullableString (114 bytes)

Stack: [0x0000008b04400000,0x0000008b04500000]
Native frames: (J=compiled Java code, j=interpreted, Vv=VM code, C=native code)
V  [jvm.dll+0x64135a]
V  [jvm.dll+0x7d39f9]
V  [jvm.dll+0x7d51b9]
V  [jvm.dll+0x7d58a3]
V  [jvm.dll+0x2691c5]
V  [jvm.dll+0xc1a5c]
V  [jvm.dll+0xc200c]
V  [jvm.dll+0x2da2c2]
V  [jvm.dll+0x54cad9]
V  [jvm.dll+0x22a011]
V  [jvm.dll+0x223809]
V  [jvm.dll+0x220384]
V  [jvm.dll+0x19e851]
V  [jvm.dll+0x230479]
V  [jvm.dll+0x22e5ef]
V  [jvm.dll+0x794de1]
V  [jvm.dll+0x78dc24]
V  [jvm.dll+0x6400f6]
C  [ucrtbase.dll+0x29333]
C  [KERNEL32.DLL+0x1259d]
C  [ntdll.dll+0x5af78]


---------------  P R O C E S S  ---------------

Threads class SMR info:
_java_thread_list=0x000001eb3ad7ee30, length=127, elements={
0x000001eb18c74000, 0x000001eb33109800, 0x000001eb33113800, 0x000001eb33125000,
0x000001eb33126000, 0x000001eb33127000, 0x000001eb3312b000, 0x000001eb3312e800,
0x000001eb33131800, 0x000001eb33c2b000, 0x000001eb36366800, 0x000001eb35bf3000,
0x000001eb359e4800, 0x000001eb36081800, 0x000001eb36080000, 0x000001eb3607e000,
0x000001eb3607f000, 0x000001eb36084800, 0x000001eb36084000, 0x000001eb365bc000,
0x000001eb365be800, 0x000001eb365b9800, 0x000001eb365ba800, 0x000001eb365c1000,
0x000001eb365c2000, 0x000001eb385c4800, 0x000001eb385c8000, 0x000001eb385c5800,
0x000001eb385c7000, 0x000001eb3a966800, 0x000001eb3a96a000, 0x000001eb3a964000,
0x000001eb3a969000, 0x000001eb3bf1b000, 0x000001eb3bf15000, 0x000001eb3bf17800,
0x000001eb3bf18800, 0x000001eb3bf19000, 0x000001eb3bf1a000, 0x000001eb3bf1b800,
0x000001eb3bf16000, 0x000001eb3bf1d800, 0x000001eb3bf21800, 0x000001eb3bf20800,
0x000001eb3bf1c800, 0x000001eb3bf22000, 0x000001eb3c576800, 0x000001eb3bf1f000,
0x000001eb3bf20000, 0x000001eb3bf23000, 0x000001eb3bf24000, 0x000001eb385bf000,
0x000001eb385b9800, 0x000001eb385bd800, 0x000001eb385bb000, 0x000001eb385c0000,
0x000001eb385ba000, 0x000001eb385bc000, 0x000001eb385be000, 0x000001eb385c0800,
0x000001eb385bc800, 0x000001eb385c3000, 0x000001eb385c4000, 0x000001eb385c6800,
0x000001eb385c1800, 0x000001eb385c2800, 0x000001eb3a967800, 0x000001eb3a96b000,
0x000001eb3a965000, 0x000001eb3a96b800, 0x000001eb3a968800, 0x000001eb3a966000,
0x000001eb3a96c800, 0x000001eb3a96f000, 0x000001eb3a970800, 0x000001eb3a96d000,
0x000001eb3a972000, 0x000001eb3a96e000, 0x000001eb3a971800, 0x000001eb3a96f800,
0x000001eb3a973000, 0x000001eb365bd000, 0x000001eb365bb800, 0x000001eb365bf800,
0x000001eb365c3800, 0x000001eb365c2800, 0x000001eb365be000, 0x000001eb365c8800,
0x000001eb365c4800, 0x000001eb365c5000, 0x000001eb365c6000, 0x000001eb365c6800,
0x000001eb365c7800, 0x000001eb36080800, 0x000001eb36083000, 0x000001eb36082000,
0x000001eb38859000, 0x000001eb38858800, 0x000001eb38853800, 0x000001eb3885a000,
0x000001eb38854800, 0x000001eb3885b000, 0x000001eb38855000, 0x000001eb38856000,
0x000001eb3885b800, 0x000001eb3885c800, 0x000001eb38857800, 0x000001eb38856800,
0x000001eb3885d800, 0x000001eb38860800, 0x000001eb38861800, 0x000001eb3885e000,
0x000001eb3885f000, 0x000001eb3885f800, 0x000001eb38862000, 0x000001eb3531f800,
0x000001eb3531e800, 0x000001eb35322000, 0x000001eb35320800, 0x000001eb35321000,
0x000001eb3531d000, 0x000001eb35323800, 0x000001eb35323000, 0x000001eb3531e000,
0x000001eb35324800, 0x000001eb3532b000, 0x000001eb35329800
}

Java Threads: ( => current thread )
  0x000001eb18c74000 JavaThread "main" [_thread_blocked, id=10352, stack(0x0000008b01800000,0x0000008b01900000)]
  0x000001eb33109800 JavaThread "Reference Handler" daemon [_thread_blocked, id=14360, stack(0x0000008b01f00000,0x0000008b02000000)]
  0x000001eb33113800 JavaThread "Finalizer" daemon [_thread_blocked, id=6960, stack(0x0000008b02000000,0x0000008b02100000)]
  0x000001eb33125000 JavaThread "Signal Dispatcher" daemon [_thread_blocked, id=3296, stack(0x0000008b02100000,0x0000008b02200000)]
  0x000001eb33126000 JavaThread "Attach Listener" daemon [_thread_blocked, id=14984, stack(0x0000008b02200000,0x0000008b02300000)]
  0x000001eb33127000 JavaThread "Service Thread" daemon [_thread_blocked, id=14932, stack(0x0000008b02300000,0x0000008b02400000)]
  0x000001eb3312b000 JavaThread "C2 CompilerThread0" daemon [_thread_in_native, id=11780, stack(0x0000008b02400000,0x0000008b02500000)]
  0x000001eb3312e800 JavaThread "C1 CompilerThread0" daemon [_thread_blocked, id=15036, stack(0x0000008b02500000,0x0000008b02600000)]
  0x000001eb33131800 JavaThread "Sweeper thread" daemon [_thread_blocked, id=14784, stack(0x0000008b02600000,0x0000008b02700000)]
  0x000001eb33c2b000 JavaThread "Common-Cleaner" daemon [_thread_blocked, id=15028, stack(0x0000008b02700000,0x0000008b02800000)]
  0x000001eb36366800 JavaThread "Daemon health stats" [_thread_blocked, id=3292, stack(0x0000008b02a00000,0x0000008b02b00000)]
  0x000001eb35bf3000 JavaThread "Incoming local TCP Connector on port 2342" [_thread_in_native, id=3212, stack(0x0000008b02d00000,0x0000008b02e00000)]
  0x000001eb359e4800 JavaThread "Daemon periodic checks" [_thread_blocked, id=15264, stack(0x0000008b02e00000,0x0000008b02f00000)]
  0x000001eb36081800 JavaThread "Cache worker for journal cache (C:\Users\Ο€Ξ­Ο„ΟΞΏΟ‚\.gradle\caches\journal-1)" [_thread_blocked, id=6752, stack(0x0000008b03600000,0x0000008b03700000)]
  0x000001eb36080000 JavaThread "File lock request listener" [_thread_in_native, id=15116, stack(0x0000008b03700000,0x0000008b03800000)]
  0x000001eb3607e000 JavaThread "Cache worker for file hash cache (C:\Users\Ο€Ξ­Ο„ΟΞΏΟ‚\.gradle\caches\7.5\fileHashes)" [_thread_blocked, id=532, stack(0x0000008b03d00000,0x0000008b03e00000)]
  0x000001eb3607f000 JavaThread "File watcher server" daemon [_thread_in_native, id=8984, stack(0x0000008b03e00000,0x0000008b03f00000)]
  0x000001eb36084800 JavaThread "File watcher consumer" daemon [_thread_blocked, id=4556, stack(0x0000008b03f00000,0x0000008b04000000)]
  0x000001eb36084000 JavaThread "Cache worker for file content cache (C:\Users\Ο€Ξ­Ο„ΟΞΏΟ‚\.gradle\caches\7.5\fileContent)" [_thread_blocked, id=14044, stack(0x0000008b04200000,0x0000008b04300000)]
  0x000001eb365bc000 JavaThread "Cache worker for execution history cache (C:\Users\Ο€Ξ­Ο„ΟΞΏΟ‚\.gradle\caches\7.5\executionHistory)" [_thread_blocked, id=8160, stack(0x0000008b04500000,0x0000008b04600000)]
  0x000001eb365be800 JavaThread "jar transforms" [_thread_blocked, id=13924, stack(0x0000008b04600000,0x0000008b04700000)]
  0x000001eb365b9800 JavaThread "jar transforms Thread 2" [_thread_blocked, id=9740, stack(0x0000008b04700000,0x0000008b04800000)]
  0x000001eb365ba800 JavaThread "jar transforms Thread 3" [_thread_blocked, id=7016, stack(0x0000008b04800000,0x0000008b04900000)]
  0x000001eb365c1000 JavaThread "jar transforms Thread 4" [_thread_blocked, id=13036, stack(0x0000008b04900000,0x0000008b04a00000)]
  0x000001eb365c2000 JavaThread "jar transforms Thread 5" [_thread_blocked, id=8976, stack(0x0000008b04b00000,0x0000008b04c00000)]
  0x000001eb385c4800 JavaThread "jar transforms Thread 6" [_thread_blocked, id=14448, stack(0x0000008b09d00000,0x0000008b09e00000)]
  0x000001eb385c8000 JavaThread "jar transforms Thread 7" [_thread_blocked, id=14644, stack(0x0000008b09e00000,0x0000008b09f00000)]
  0x000001eb385c5800 JavaThread "jar transforms Thread 8" [_thread_blocked, id=6920, stack(0x0000008b09f00000,0x0000008b0a000000)]
  0x000001eb385c7000 JavaThread "Memory manager" [_thread_blocked, id=13188, stack(0x0000008b0a100000,0x0000008b0a200000)]
  0x000001eb3a966800 JavaThread "ForkJoinPool.commonPool-worker-5" daemon [_thread_blocked, id=6684, stack(0x0000008b0b300000,0x0000008b0b400000)]
  0x000001eb3a96a000 JavaThread "ForkJoinPool.commonPool-worker-7" daemon [_thread_blocked, id=6708, stack(0x0000008b0b400000,0x0000008b0b500000)]
  0x000001eb3a964000 JavaThread "ForkJoinPool.commonPool-worker-9" daemon [_thread_blocked, id=7688, stack(0x0000008b0b500000,0x0000008b0b600000)]
  0x000001eb3a969000 JavaThread "ForkJoinPool.commonPool-worker-11" daemon [_thread_blocked, id=3364, stack(0x0000008b0b700000,0x0000008b0b800000)]
  0x000001eb3bf1b000 JavaThread "Daemon Thread 2" [_thread_blocked, id=7204, stack(0x0000008b01500000,0x0000008b01600000)]
  0x000001eb3bf15000 JavaThread "Handler for socket connection from /127.0.0.1:2342 to /127.0.0.1:29256" [_thread_in_native, id=11104, stack(0x0000008b01600000,0x0000008b01700000)]
  0x000001eb3bf17800 JavaThread "Cancel handler" [_thread_blocked, id=6772, stack(0x0000008b01700000,0x0000008b01800000)]
  0x000001eb3bf18800 JavaThread "Daemon worker Thread 2" [_thread_in_native, id=12868, stack(0x0000008b02f00000,0x0000008b03000000)]
  0x000001eb3bf19000 JavaThread "Asynchronous log dispatcher for DefaultDaemonConnection: socket connection from /127.0.0.1:2342 to /127.0.0.1:29256" [_thread_blocked, id=4180, stack(0x0000008b03000000,0x0000008b03100000)]
  0x000001eb3bf1a000 JavaThread "Stdin handler" [_thread_blocked, id=536, stack(0x0000008b03100000,0x0000008b03200000)]
  0x000001eb3bf1b800 JavaThread "Daemon client event forwarder" [_thread_blocked, id=15252, stack(0x0000008b03200000,0x0000008b03300000)]
  0x000001eb3bf16000 JavaThread "Cache worker for checksums cache (D:\ECE_UOP_LAB_QR\.gradle\7.5\checksums)" [_thread_blocked, id=14476, stack(0x0000008b03400000,0x0000008b03500000)]
  0x000001eb3bf1d800 JavaThread "Cache worker for cache directory md-rule (C:\Users\Ο€Ξ­Ο„ΟΞΏΟ‚\.gradle\caches\7.5\md-rule)" [_thread_blocked, id=160, stack(0x0000008b03500000,0x0000008b03600000)]
  0x000001eb3bf21800 JavaThread "Cache worker for file hash cache (D:\ECE_UOP_LAB_QR\.gradle\7.5\fileHashes)" [_thread_blocked, id=10868, stack(0x0000008b04000000,0x0000008b04100000)]
  0x000001eb3bf20800 JavaThread "Cache worker for cache directory md-supplier (C:\Users\Ο€Ξ­Ο„ΟΞΏΟ‚\.gradle\caches\7.5\md-supplier)" [_thread_blocked, id=13736, stack(0x0000008b04100000,0x0000008b04200000)]
  0x000001eb3bf1c800 JavaThread "Cache worker for dependencies-accessors (D:\ECE_UOP_LAB_QR\.gradle\7.5\dependencies-accessors)" [_thread_blocked, id=14012, stack(0x0000008b03300000,0x0000008b03400000)]
  0x000001eb3bf22000 JavaThread "Cache worker for Build Output Cleanup Cache (D:\ECE_UOP_LAB_QR\.gradle\buildOutputCleanup)" [_thread_blocked, id=5744, stack(0x0000008b04300000,0x0000008b04400000)]
=>0x000001eb3c576800 JavaThread "C2 CompilerThread1" daemon [_thread_in_native, id=6548, stack(0x0000008b04400000,0x0000008b04500000)]
  0x000001eb3bf1f000 JavaThread "Unconstrained build operations" [_thread_blocked, id=14548, stack(0x0000008b04a00000,0x0000008b04b00000)]
  0x000001eb3bf20000 JavaThread "Unconstrained build operations Thread 2" [_thread_blocked, id=8092, stack(0x0000008b04c00000,0x0000008b04d00000)]
  0x000001eb3bf23000 JavaThread "Unconstrained build operations Thread 3" [_thread_blocked, id=720, stack(0x0000008b04d00000,0x0000008b04e00000)]
  0x000001eb3bf24000 JavaThread "Unconstrained build operations Thread 4" [_thread_blocked, id=8456, stack(0x0000008b04e00000,0x0000008b04f00000)]
  0x000001eb385bf000 JavaThread "Unconstrained build operations Thread 5" [_thread_blocked, id=6112, stack(0x0000008b04f00000,0x0000008b05000000)]
  0x000001eb385b9800 JavaThread "Unconstrained build operations Thread 6" [_thread_blocked, id=7248, stack(0x0000008b05000000,0x0000008b05100000)]
  0x000001eb385bd800 JavaThread "Unconstrained build operations Thread 7" [_thread_blocked, id=14540, stack(0x0000008b05100000,0x0000008b05200000)]
  0x000001eb385bb000 JavaThread "Unconstrained build operations Thread 8" [_thread_blocked, id=15176, stack(0x0000008b05200000,0x0000008b05300000)]
  0x000001eb385c0000 JavaThread "Unconstrained build operations Thread 9" [_thread_blocked, id=14156, stack(0x0000008b05300000,0x0000008b05400000)]
  0x000001eb385ba000 JavaThread "Unconstrained build operations Thread 10" [_thread_blocked, id=14556, stack(0x0000008b05400000,0x0000008b05500000)]
  0x000001eb385bc000 JavaThread "Unconstrained build operations Thread 11" [_thread_blocked, id=3208, stack(0x0000008b05500000,0x0000008b05600000)]
  0x000001eb385be000 JavaThread "Unconstrained build operations Thread 12" [_thread_blocked, id=3432, stack(0x0000008b05600000,0x0000008b05700000)]
  0x000001eb385c0800 JavaThread "Unconstrained build operations Thread 13" [_thread_blocked, id=9956, stack(0x0000008b05700000,0x0000008b05800000)]
  0x000001eb385bc800 JavaThread "Unconstrained build operations Thread 14" [_thread_blocked, id=3552, stack(0x0000008b05800000,0x0000008b05900000)]
  0x000001eb385c3000 JavaThread "Unconstrained build operations Thread 15" [_thread_blocked, id=14676, stack(0x0000008b05900000,0x0000008b05a00000)]
  0x000001eb385c4000 JavaThread "Unconstrained build operations Thread 16" [_thread_blocked, id=3428, stack(0x0000008b05a00000,0x0000008b05b00000)]
  0x000001eb385c6800 JavaThread "Unconstrained build operations Thread 17" [_thread_blocked, id=11772, stack(0x0000008b05b00000,0x0000008b05c00000)]
  0x000001eb385c1800 JavaThread "Unconstrained build operations Thread 18" [_thread_blocked, id=3744, stack(0x0000008b05c00000,0x0000008b05d00000)]
  0x000001eb385c2800 JavaThread "Unconstrained build operations Thread 19" [_thread_blocked, id=14708, stack(0x0000008b05d00000,0x0000008b05e00000)]
  0x000001eb3a967800 JavaThread "Unconstrained build operations Thread 20" [_thread_blocked, id=6500, stack(0x0000008b05e00000,0x0000008b05f00000)]
  0x000001eb3a96b000 JavaThread "Unconstrained build operations Thread 21" [_thread_blocked, id=2300, stack(0x0000008b05f00000,0x0000008b06000000)]
  0x000001eb3a965000 JavaThread "Unconstrained build operations Thread 22" [_thread_blocked, id=2084, stack(0x0000008b06000000,0x0000008b06100000)]
  0x000001eb3a96b800 JavaThread "Unconstrained build operations Thread 23" [_thread_blocked, id=15276, stack(0x0000008b06100000,0x0000008b06200000)]
  0x000001eb3a968800 JavaThread "Unconstrained build operations Thread 24" [_thread_blocked, id=3268, stack(0x0000008b06200000,0x0000008b06300000)]
  0x000001eb3a966000 JavaThread "Unconstrained build operations Thread 25" [_thread_blocked, id=11180, stack(0x0000008b06300000,0x0000008b06400000)]
  0x000001eb3a96c800 JavaThread "Unconstrained build operations Thread 26" [_thread_blocked, id=15344, stack(0x0000008b06400000,0x0000008b06500000)]
  0x000001eb3a96f000 JavaThread "Unconstrained build operations Thread 27" [_thread_blocked, id=6656, stack(0x0000008b06500000,0x0000008b06600000)]
  0x000001eb3a970800 JavaThread "Unconstrained build operations Thread 28" [_thread_blocked, id=15260, stack(0x0000008b06600000,0x0000008b06700000)]
  0x000001eb3a96d000 JavaThread "Unconstrained build operations Thread 29" [_thread_blocked, id=14804, stack(0x0000008b06700000,0x0000008b06800000)]
  0x000001eb3a972000 JavaThread "Unconstrained build operations Thread 30" [_thread_blocked, id=1600, stack(0x0000008b06800000,0x0000008b06900000)]
  0x000001eb3a96e000 JavaThread "Unconstrained build operations Thread 31" [_thread_blocked, id=14872, stack(0x0000008b06900000,0x0000008b06a00000)]
  0x000001eb3a971800 JavaThread "Unconstrained build operations Thread 32" [_thread_blocked, id=10032, stack(0x0000008b06a00000,0x0000008b06b00000)]
  0x000001eb3a96f800 JavaThread "Unconstrained build operations Thread 33" [_thread_blocked, id=2632, stack(0x0000008b06b00000,0x0000008b06c00000)]
  0x000001eb3a973000 JavaThread "Unconstrained build operations Thread 34" [_thread_blocked, id=14944, stack(0x0000008b06c00000,0x0000008b06d00000)]
  0x000001eb365bd000 JavaThread "Unconstrained build operations Thread 35" [_thread_blocked, id=3644, stack(0x0000008b06d00000,0x0000008b06e00000)]
  0x000001eb365bb800 JavaThread "Unconstrained build operations Thread 36" [_thread_blocked, id=14616, stack(0x0000008b06e00000,0x0000008b06f00000)]
  0x000001eb365bf800 JavaThread "Unconstrained build operations Thread 37" [_thread_blocked, id=1788, stack(0x0000008b06f00000,0x0000008b07000000)]
  0x000001eb365c3800 JavaThread "Unconstrained build operations Thread 38" [_thread_blocked, id=5048, stack(0x0000008b07000000,0x0000008b07100000)]
  0x000001eb365c2800 JavaThread "Unconstrained build operations Thread 39" [_thread_blocked, id=2304, stack(0x0000008b07100000,0x0000008b07200000)]
  0x000001eb365be000 JavaThread "Unconstrained build operations Thread 40" [_thread_blocked, id=7244, stack(0x0000008b07200000,0x0000008b07300000)]
  0x000001eb365c8800 JavaThread "Unconstrained build operations Thread 41" [_thread_blocked, id=3452, stack(0x0000008b07300000,0x0000008b07400000)]
  0x000001eb365c4800 JavaThread "Unconstrained build operations Thread 42" [_thread_blocked, id=14756, stack(0x0000008b07400000,0x0000008b07500000)]
  0x000001eb365c5000 JavaThread "Unconstrained build operations Thread 43" [_thread_blocked, id=5828, stack(0x0000008b07500000,0x0000008b07600000)]
  0x000001eb365c6000 JavaThread "Unconstrained build operations Thread 44" [_thread_blocked, id=3520, stack(0x0000008b07600000,0x0000008b07700000)]
  0x000001eb365c6800 JavaThread "Unconstrained build operations Thread 45" [_thread_blocked, id=13476, stack(0x0000008b07700000,0x0000008b07800000)]
  0x000001eb365c7800 JavaThread "Unconstrained build operations Thread 46" [_thread_blocked, id=12916, stack(0x0000008b07800000,0x0000008b07900000)]
  0x000001eb36080800 JavaThread "Unconstrained build operations Thread 47" [_thread_blocked, id=14868, stack(0x0000008b07900000,0x0000008b07a00000)]
  0x000001eb36083000 JavaThread "Unconstrained build operations Thread 48" [_thread_blocked, id=8860, stack(0x0000008b07a00000,0x0000008b07b00000)]
  0x000001eb36082000 JavaThread "Unconstrained build operations Thread 49" [_thread_blocked, id=3436, stack(0x0000008b07b00000,0x0000008b07c00000)]
  0x000001eb38859000 JavaThread "Unconstrained build operations Thread 50" [_thread_blocked, id=15216, stack(0x0000008b07c00000,0x0000008b07d00000)]
  0x000001eb38858800 JavaThread "Unconstrained build operations Thread 51" [_thread_blocked, id=8696, stack(0x0000008b07d00000,0x0000008b07e00000)]
  0x000001eb38853800 JavaThread "Unconstrained build operations Thread 52" [_thread_blocked, id=3236, stack(0x0000008b07e00000,0x0000008b07f00000)]
  0x000001eb3885a000 JavaThread "Unconstrained build operations Thread 53" [_thread_blocked, id=1572, stack(0x0000008b07f00000,0x0000008b08000000)]
  0x000001eb38854800 JavaThread "Unconstrained build operations Thread 54" [_thread_blocked, id=4608, stack(0x0000008b08000000,0x0000008b08100000)]
  0x000001eb3885b000 JavaThread "Unconstrained build operations Thread 55" [_thread_blocked, id=13508, stack(0x0000008b08100000,0x0000008b08200000)]
  0x000001eb38855000 JavaThread "Unconstrained build operations Thread 56" [_thread_blocked, id=5084, stack(0x0000008b08200000,0x0000008b08300000)]
  0x000001eb38856000 JavaThread "Unconstrained build operations Thread 57" [_thread_blocked, id=8012, stack(0x0000008b08300000,0x0000008b08400000)]
  0x000001eb3885b800 JavaThread "Unconstrained build operations Thread 58" [_thread_blocked, id=12284, stack(0x0000008b08400000,0x0000008b08500000)]
  0x000001eb3885c800 JavaThread "Unconstrained build operations Thread 59" [_thread_blocked, id=11144, stack(0x0000008b08500000,0x0000008b08600000)]
  0x000001eb38857800 JavaThread "Unconstrained build operations Thread 60" [_thread_blocked, id=12708, stack(0x0000008b08600000,0x0000008b08700000)]
  0x000001eb38856800 JavaThread "Unconstrained build operations Thread 61" [_thread_blocked, id=14196, stack(0x0000008b08700000,0x0000008b08800000)]
  0x000001eb3885d800 JavaThread "Unconstrained build operations Thread 62" [_thread_blocked, id=5316, stack(0x0000008b08800000,0x0000008b08900000)]
  0x000001eb38860800 JavaThread "Unconstrained build operations Thread 63" [_thread_blocked, id=728, stack(0x0000008b08900000,0x0000008b08a00000)]
  0x000001eb38861800 JavaThread "Unconstrained build operations Thread 64" [_thread_blocked, id=8628, stack(0x0000008b08a00000,0x0000008b08b00000)]
  0x000001eb3885e000 JavaThread "Unconstrained build operations Thread 65" [_thread_blocked, id=6528, stack(0x0000008b08b00000,0x0000008b08c00000)]
  0x000001eb3885f000 JavaThread "Unconstrained build operations Thread 66" [_thread_blocked, id=13928, stack(0x0000008b08c00000,0x0000008b08d00000)]
  0x000001eb3885f800 JavaThread "Unconstrained build operations Thread 67" [_thread_blocked, id=11764, stack(0x0000008b08d00000,0x0000008b08e00000)]
  0x000001eb38862000 JavaThread "Unconstrained build operations Thread 68" [_thread_blocked, id=3784, stack(0x0000008b08e00000,0x0000008b08f00000)]
  0x000001eb3531f800 JavaThread "Unconstrained build operations Thread 69" [_thread_blocked, id=14324, stack(0x0000008b08f00000,0x0000008b09000000)]
  0x000001eb3531e800 JavaThread "Unconstrained build operations Thread 70" [_thread_blocked, id=11932, stack(0x0000008b09000000,0x0000008b09100000)]
  0x000001eb35322000 JavaThread "Unconstrained build operations Thread 71" [_thread_blocked, id=14376, stack(0x0000008b09100000,0x0000008b09200000)]
  0x000001eb35320800 JavaThread "Unconstrained build operations Thread 72" [_thread_blocked, id=14532, stack(0x0000008b09200000,0x0000008b09300000)]
  0x000001eb35321000 JavaThread "Unconstrained build operations Thread 73" [_thread_blocked, id=8116, stack(0x0000008b09300000,0x0000008b09400000)]
  0x000001eb3531d000 JavaThread "Unconstrained build operations Thread 74" [_thread_blocked, id=6312, stack(0x0000008b09400000,0x0000008b09500000)]
  0x000001eb35323800 JavaThread "Unconstrained build operations Thread 75" [_thread_blocked, id=3936, stack(0x0000008b09500000,0x0000008b09600000)]
  0x000001eb35323000 JavaThread "Unconstrained build operations Thread 76" [_thread_blocked, id=14712, stack(0x0000008b09600000,0x0000008b09700000)]
  0x000001eb3531e000 JavaThread "Unconstrained build operations Thread 77" [_thread_blocked, id=8196, stack(0x0000008b09700000,0x0000008b09800000)]
  0x000001eb35324800 JavaThread "Unconstrained build operations Thread 78" [_thread_blocked, id=68, stack(0x0000008b09800000,0x0000008b09900000)]
  0x000001eb3532b000 JavaThread "Unconstrained build operations Thread 79" [_thread_blocked, id=1720, stack(0x0000008b09900000,0x0000008b09a00000)]
  0x000001eb35329800 JavaThread "Unconstrained build operations Thread 80" [_thread_blocked, id=11792, stack(0x0000008b09a00000,0x0000008b09b00000)]

Other Threads:
  0x000001eb33102800 VMThread "VM Thread" [stack: 0x0000008b01e00000,0x0000008b01f00000] [id=15020]
  0x000001eb33c3e800 WatcherThread [stack: 0x0000008b02800000,0x0000008b02900000] [id=7448]
  0x000001eb18c8e800 GCTaskThread "GC Thread#0" [stack: 0x0000008b01900000,0x0000008b01a00000] [id=2100]
  0x000001eb344a6800 GCTaskThread "GC Thread#1" [stack: 0x0000008b02900000,0x0000008b02a00000] [id=3584]
  0x000001eb35cbe000 GCTaskThread "GC Thread#2" [stack: 0x0000008b02b00000,0x0000008b02c00000] [id=6428]
  0x000001eb35c58800 GCTaskThread "GC Thread#3" [stack: 0x0000008b02c00000,0x0000008b02d00000] [id=11492]
  0x000001eb35f29800 GCTaskThread "GC Thread#4" [stack: 0x0000008b03800000,0x0000008b03900000] [id=1560]
  0x000001eb36079000 GCTaskThread "GC Thread#5" [stack: 0x0000008b03900000,0x0000008b03a00000] [id=15068]
  0x000001eb35f58800 GCTaskThread "GC Thread#6" [stack: 0x0000008b03a00000,0x0000008b03b00000] [id=6732]
  0x000001eb35f04800 GCTaskThread "GC Thread#7" [stack: 0x0000008b03b00000,0x0000008b03c00000] [id=6036]
  0x000001eb18cbf800 ConcurrentGCThread "G1 Main Marker" [stack: 0x0000008b01a00000,0x0000008b01b00000] [id=14900]
  0x000001eb18cc1000 ConcurrentGCThread "G1 Conc#0" [stack: 0x0000008b01b00000,0x0000008b01c00000] [id=13288]
  0x000001eb35f27800 ConcurrentGCThread "G1 Conc#1" [stack: 0x0000008b03c00000,0x0000008b03d00000] [id=292]
  0x000001eb18d3e000 ConcurrentGCThread "G1 Refine#0" [stack: 0x0000008b01c00000,0x0000008b01d00000] [id=15300]
  0x000001eb32f50800 ConcurrentGCThread "G1 Young RemSet Sampling" [stack: 0x0000008b01d00000,0x0000008b01e00000] [id=14504]

Threads with active compile tasks:
C2 CompilerThread0   219469 13797       4       java.io.File::<init> (113 bytes)
C2 CompilerThread1   219469 13895       4       org.gradle.internal.serialize.kryo.StringDeduplicatingKryoBackedEncoder::writeNullableString (114 bytes)

VM state:not at safepoint (normal execution)

VM Mutex/Monitor currently owned by a thread: None

Heap address: 0x0000000080000000, size: 2048 MB, Compressed Oops mode: 32-bit
Narrow klass base: 0x0000000000000000, Narrow klass shift: 3
Compressed class space size: 1073741824 Address: 0x0000000100000000

Heap:
 garbage-first heap   total 239616K, used 161735K [0x0000000080000000, 0x0000000100000000)
  region size 1024K, 45 young (46080K), 5 survivors (5120K)
 Metaspace       used 97496K, capacity 100283K, committed 100656K, reserved 1136640K
  class space    used 12503K, capacity 13570K, committed 13696K, reserved 1048576K
Heap Regions: E=young(eden), S=young(survivor), O=old, HS=humongous(starts), HC=humongous(continues), CS=collection set, F=free, A=archive, TAMS=top-at-mark-start (previous, next)
|   0|0x0000000080000000, 0x0000000080100000, 0x0000000080100000|100%| O|  |TAMS 0x0000000080100000, 0x0000000080000000| Untracked 
|   1|0x0000000080100000, 0x0000000080200000, 0x0000000080200000|100%| O|  |TAMS 0x0000000080200000, 0x0000000080100000| Untracked 
|   2|0x0000000080200000, 0x0000000080300000, 0x0000000080300000|100%| O|  |TAMS 0x0000000080300000, 0x0000000080200000| Untracked 
|   3|0x0000000080300000, 0x0000000080400000, 0x0000000080400000|100%|HS|  |TAMS 0x0000000080400000, 0x0000000080300000| Complete 
|   4|0x0000000080400000, 0x0000000080500000, 0x0000000080500000|100%|HC|  |TAMS 0x0000000080500000, 0x0000000080400000| Complete 
|   5|0x0000000080500000, 0x0000000080600000, 0x0000000080600000|100%|HC|  |TAMS 0x0000000080600000, 0x0000000080500000| Complete 
|   6|0x0000000080600000, 0x0000000080700000, 0x0000000080700000|100%| O|  |TAMS 0x0000000080700000, 0x0000000080600000| Untracked 
|   7|0x0000000080700000, 0x0000000080800000, 0x0000000080800000|100%| O|  |TAMS 0x0000000080800000, 0x0000000080700000| Untracked 
|   8|0x0000000080800000, 0x0000000080900000, 0x0000000080900000|100%| O|  |TAMS 0x0000000080900000, 0x0000000080800000| Untracked 
|   9|0x0000000080900000, 0x0000000080a00000, 0x0000000080a00000|100%| O|  |TAMS 0x0000000080a00000, 0x0000000080900000| Untracked 
|  10|0x0000000080a00000, 0x0000000080b00000, 0x0000000080b00000|100%| O|  |TAMS 0x0000000080b00000, 0x0000000080a00000| Untracked 
|  11|0x0000000080b00000, 0x0000000080c00000, 0x0000000080c00000|100%| O|  |TAMS 0x0000000080c00000, 0x0000000080b00000| Untracked 
|  12|0x0000000080c00000, 0x0000000080d00000, 0x0000000080d00000|100%| O|  |TAMS 0x0000000080d00000, 0x0000000080c00000| Untracked 
|  13|0x0000000080d00000, 0x0000000080e00000, 0x0000000080e00000|100%| O|  |TAMS 0x0000000080e00000, 0x0000000080d00000| Untracked 
|  14|0x0000000080e00000, 0x0000000080f00000, 0x0000000080f00000|100%| O|  |TAMS 0x0000000080f00000, 0x0000000080e00000| Untracked 
|  15|0x0000000080f00000, 0x0000000081000000, 0x0000000081000000|100%| O|  |TAMS 0x0000000081000000, 0x0000000080f00000| Untracked 
|  16|0x0000000081000000, 0x0000000081100000, 0x0000000081100000|100%| O|  |TAMS 0x0000000081100000, 0x0000000081000000| Untracked 
|  17|0x0000000081100000, 0x0000000081200000, 0x0000000081200000|100%|HS|  |TAMS 0x0000000081200000, 0x0000000081100000| Complete 
|  18|0x0000000081200000, 0x0000000081300000, 0x0000000081300000|100%| O|  |TAMS 0x0000000081300000, 0x0000000081200000| Untracked 
|  19|0x0000000081300000, 0x0000000081400000, 0x0000000081400000|100%| O|  |TAMS 0x0000000081400000, 0x0000000081300000| Untracked 
|  20|0x0000000081400000, 0x0000000081500000, 0x0000000081500000|100%| O|  |TAMS 0x0000000081500000, 0x0000000081400000| Untracked 
|  21|0x0000000081500000, 0x0000000081600000, 0x0000000081600000|100%| O|  |TAMS 0x0000000081600000, 0x0000000081500000| Untracked 
|  22|0x0000000081600000, 0x0000000081700000, 0x0000000081700000|100%| O|  |TAMS 0x0000000081700000, 0x0000000081600000| Untracked 
|  23|0x0000000081700000, 0x0000000081800000, 0x0000000081800000|100%| O|  |TAMS 0x0000000081800000, 0x0000000081700000| Untracked 
|  24|0x0000000081800000, 0x0000000081900000, 0x0000000081900000|100%| O|  |TAMS 0x0000000081900000, 0x0000000081800000| Untracked 
|  25|0x0000000081900000, 0x0000000081a00000, 0x0000000081a00000|100%| O|  |TAMS 0x0000000081a00000, 0x0000000081900000| Untracked 
|  26|0x0000000081a00000, 0x0000000081b00000, 0x0000000081b00000|100%| O|  |TAMS 0x0000000081b00000, 0x0000000081a00000| Untracked 
|  27|0x0000000081b00000, 0x0000000081c00000, 0x0000000081c00000|100%| O|  |TAMS 0x0000000081c00000, 0x0000000081b00000| Untracked 
|  28|0x0000000081c00000, 0x0000000081d00000, 0x0000000081d00000|100%|HS|  |TAMS 0x0000000081d00000, 0x0000000081c00000| Complete 
|  29|0x0000000081d00000, 0x0000000081e00000, 0x0000000081e00000|100%| O|  |TAMS 0x0000000081e00000, 0x0000000081d00000| Untracked 
|  30|0x0000000081e00000, 0x0000000081f00000, 0x0000000081f00000|100%| O|  |TAMS 0x0000000081f00000, 0x0000000081e00000| Untracked 
|  31|0x0000000081f00000, 0x0000000082000000, 0x0000000082000000|100%| O|  |TAMS 0x0000000082000000, 0x0000000081f00000| Untracked 
|  32|0x0000000082000000, 0x0000000082100000, 0x0000000082100000|100%| O|  |TAMS 0x0000000082100000, 0x0000000082000000| Untracked 
|  33|0x0000000082100000, 0x0000000082200000, 0x0000000082200000|100%| O|  |TAMS 0x0000000082200000, 0x0000000082100000| Untracked 
|  34|0x0000000082200000, 0x0000000082300000, 0x0000000082300000|100%| O|  |TAMS 0x0000000082300000, 0x0000000082200000| Untracked 
|  35|0x0000000082300000, 0x0000000082400000, 0x0000000082400000|100%| O|  |TAMS 0x0000000082400000, 0x0000000082300000| Untracked 
|  36|0x0000000082400000, 0x0000000082500000, 0x0000000082500000|100%| O|  |TAMS 0x0000000082500000, 0x0000000082400000| Untracked 
|  37|0x0000000082500000, 0x0000000082600000, 0x0000000082600000|100%| O|  |TAMS 0x0000000082600000, 0x0000000082500000| Untracked 
|  38|0x0000000082600000, 0x0000000082700000, 0x0000000082700000|100%| O|  |TAMS 0x0000000082700000, 0x0000000082600000| Untracked 
|  39|0x0000000082700000, 0x0000000082800000, 0x0000000082800000|100%| O|  |TAMS 0x0000000082800000, 0x0000000082700000| Untracked 
|  40|0x0000000082800000, 0x0000000082900000, 0x0000000082900000|100%| O|  |TAMS 0x0000000082900000, 0x0000000082800000| Untracked 
|  41|0x0000000082900000, 0x0000000082a00000, 0x0000000082a00000|100%| O|  |TAMS 0x0000000082a00000, 0x0000000082900000| Untracked 
|  42|0x0000000082a00000, 0x0000000082b00000, 0x0000000082b00000|100%| O|  |TAMS 0x0000000082b00000, 0x0000000082a00000| Untracked 
|  43|0x0000000082b00000, 0x0000000082c00000, 0x0000000082c00000|100%| O|  |TAMS 0x0000000082c00000, 0x0000000082b00000| Untracked 
|  44|0x0000000082c00000, 0x0000000082d00000, 0x0000000082d00000|100%| O|  |TAMS 0x0000000082d00000, 0x0000000082c00000| Untracked 
|  45|0x0000000082d00000, 0x0000000082e00000, 0x0000000082e00000|100%| O|  |TAMS 0x0000000082e00000, 0x0000000082d00000| Untracked 
|  46|0x0000000082e00000, 0x0000000082f00000, 0x0000000082f00000|100%| O|  |TAMS 0x0000000082f00000, 0x0000000082e00000| Untracked 
|  47|0x0000000082f00000, 0x0000000083000000, 0x0000000083000000|100%| O|  |TAMS 0x0000000083000000, 0x0000000082f00000| Untracked 
|  48|0x0000000083000000, 0x0000000083100000, 0x0000000083100000|100%| O|  |TAMS 0x0000000083100000, 0x0000000083000000| Untracked 
|  49|0x0000000083100000, 0x0000000083200000, 0x0000000083200000|100%| O|  |TAMS 0x0000000083200000, 0x0000000083100000| Untracked 
|  50|0x0000000083200000, 0x0000000083300000, 0x0000000083300000|100%| O|  |TAMS 0x0000000083300000, 0x0000000083200000| Untracked 
|  51|0x0000000083300000, 0x0000000083400000, 0x0000000083400000|100%| O|  |TAMS 0x0000000083400000, 0x0000000083300000| Untracked 
|  52|0x0000000083400000, 0x0000000083500000, 0x0000000083500000|100%| O|  |TAMS 0x0000000083500000, 0x0000000083400000| Untracked 
|  53|0x0000000083500000, 0x0000000083600000, 0x0000000083600000|100%| O|  |TAMS 0x0000000083600000, 0x0000000083500000| Untracked 
|  54|0x0000000083600000, 0x0000000083700000, 0x0000000083700000|100%| O|  |TAMS 0x0000000083700000, 0x0000000083600000| Untracked 
|  55|0x0000000083700000, 0x0000000083800000, 0x0000000083800000|100%| O|  |TAMS 0x0000000083800000, 0x0000000083700000| Untracked 
|  56|0x0000000083800000, 0x0000000083900000, 0x0000000083900000|100%| O|  |TAMS 0x0000000083900000, 0x0000000083800000| Untracked 
|  57|0x0000000083900000, 0x0000000083a00000, 0x0000000083a00000|100%| O|  |TAMS 0x0000000083a00000, 0x0000000083900000| Untracked 
|  58|0x0000000083a00000, 0x0000000083b00000, 0x0000000083b00000|100%| O|  |TAMS 0x0000000083b00000, 0x0000000083a00000| Untracked 
|  59|0x0000000083b00000, 0x0000000083c00000, 0x0000000083c00000|100%| O|  |TAMS 0x0000000083c00000, 0x0000000083b00000| Untracked 
|  60|0x0000000083c00000, 0x0000000083d00000, 0x0000000083d00000|100%| O|  |TAMS 0x0000000083d00000, 0x0000000083c00000| Untracked 
|  61|0x0000000083d00000, 0x0000000083e00000, 0x0000000083e00000|100%| O|  |TAMS 0x0000000083e00000, 0x0000000083d00000| Untracked 
|  62|0x0000000083e00000, 0x0000000083f00000, 0x0000000083f00000|100%| O|  |TAMS 0x0000000083f00000, 0x0000000083e00000| Untracked 
|  63|0x0000000083f00000, 0x0000000084000000, 0x0000000084000000|100%| O|  |TAMS 0x0000000084000000, 0x0000000083f00000| Untracked 
|  64|0x0000000084000000, 0x0000000084100000, 0x0000000084100000|100%| O|  |TAMS 0x0000000084100000, 0x0000000084000000| Untracked 
|  65|0x0000000084100000, 0x0000000084200000, 0x0000000084200000|100%| O|  |TAMS 0x0000000084200000, 0x0000000084100000| Untracked 
|  66|0x0000000084200000, 0x0000000084300000, 0x0000000084300000|100%| O|  |TAMS 0x0000000084300000, 0x0000000084200000| Untracked 
|  67|0x0000000084300000, 0x0000000084400000, 0x0000000084400000|100%| O|  |TAMS 0x0000000084400000, 0x0000000084300000| Untracked 
|  68|0x0000000084400000, 0x0000000084500000, 0x0000000084500000|100%| O|  |TAMS 0x0000000084500000, 0x0000000084400000| Untracked 
|  69|0x0000000084500000, 0x0000000084600000, 0x0000000084600000|100%| O|  |TAMS 0x0000000084600000, 0x0000000084500000| Untracked 
|  70|0x0000000084600000, 0x0000000084700000, 0x0000000084700000|100%| O|  |TAMS 0x0000000084700000, 0x0000000084600000| Untracked 
|  71|0x0000000084700000, 0x0000000084800000, 0x0000000084800000|100%| O|  |TAMS 0x0000000084800000, 0x0000000084700000| Untracked 
|  72|0x0000000084800000, 0x0000000084900000, 0x0000000084900000|100%| O|  |TAMS 0x0000000084900000, 0x0000000084800000| Untracked 
|  73|0x0000000084900000, 0x0000000084a00000, 0x0000000084a00000|100%| O|  |TAMS 0x0000000084a00000, 0x0000000084900000| Untracked 
|  74|0x0000000084a00000, 0x0000000084b00000, 0x0000000084b00000|100%| O|  |TAMS 0x0000000084b00000, 0x0000000084a00000| Untracked 
|  75|0x0000000084b00000, 0x0000000084c00000, 0x0000000084c00000|100%| O|  |TAMS 0x0000000084c00000, 0x0000000084b00000| Untracked 
|  76|0x0000000084c00000, 0x0000000084d00000, 0x0000000084d00000|100%| O|  |TAMS 0x0000000084d00000, 0x0000000084c00000| Untracked 
|  77|0x0000000084d00000, 0x0000000084e00000, 0x0000000084e00000|100%| O|  |TAMS 0x0000000084e00000, 0x0000000084d00000| Untracked 
|  78|0x0000000084e00000, 0x0000000084f00000, 0x0000000084f00000|100%| O|  |TAMS 0x0000000084f00000, 0x0000000084e00000| Untracked 
|  79|0x0000000084f00000, 0x0000000085000000, 0x0000000085000000|100%| O|  |TAMS 0x0000000085000000, 0x0000000084f00000| Untracked 
|  80|0x0000000085000000, 0x0000000085100000, 0x0000000085100000|100%| O|  |TAMS 0x0000000085100000, 0x0000000085000000| Untracked 
|  81|0x0000000085100000, 0x0000000085200000, 0x0000000085200000|100%| O|  |TAMS 0x0000000085200000, 0x0000000085100000| Untracked 
|  82|0x0000000085200000, 0x0000000085300000, 0x0000000085300000|100%| O|  |TAMS 0x0000000085300000, 0x0000000085200000| Untracked 
|  83|0x0000000085300000, 0x0000000085400000, 0x0000000085400000|100%| O|  |TAMS 0x0000000085400000, 0x0000000085300000| Untracked 
|  84|0x0000000085400000, 0x0000000085500000, 0x0000000085500000|100%| O|  |TAMS 0x0000000085500000, 0x0000000085400000| Untracked 
|  85|0x0000000085500000, 0x0000000085600000, 0x0000000085600000|100%| O|  |TAMS 0x0000000085600000, 0x0000000085500000| Untracked 
|  86|0x0000000085600000, 0x0000000085700000, 0x0000000085700000|100%| O|  |TAMS 0x0000000085700000, 0x0000000085600000| Untracked 
|  87|0x0000000085700000, 0x0000000085800000, 0x0000000085800000|100%| O|  |TAMS 0x0000000085800000, 0x0000000085700000| Untracked 
|  88|0x0000000085800000, 0x0000000085900000, 0x0000000085900000|100%| O|  |TAMS 0x0000000085900000, 0x0000000085800000| Untracked 
|  89|0x0000000085900000, 0x0000000085a00000, 0x0000000085a00000|100%| O|  |TAMS 0x0000000085a00000, 0x0000000085900000| Untracked 
|  90|0x0000000085a00000, 0x0000000085b00000, 0x0000000085b00000|100%| O|  |TAMS 0x0000000085b00000, 0x0000000085a00000| Untracked 
|  91|0x0000000085b00000, 0x0000000085c00000, 0x0000000085c00000|100%| O|  |TAMS 0x0000000085c00000, 0x0000000085b00000| Untracked 
|  92|0x0000000085c00000, 0x0000000085d00000, 0x0000000085d00000|100%| O|  |TAMS 0x0000000085d00000, 0x0000000085c00000| Untracked 
|  93|0x0000000085d00000, 0x0000000085e00000, 0x0000000085e00000|100%| O|  |TAMS 0x0000000085e00000, 0x0000000085d00000| Untracked 
|  94|0x0000000085e00000, 0x0000000085f00000, 0x0000000085f00000|100%| O|  |TAMS 0x0000000085f00000, 0x0000000085e00000| Untracked 
|  95|0x0000000085f00000, 0x0000000086000000, 0x0000000086000000|100%| O|  |TAMS 0x0000000086000000, 0x0000000085f00000| Untracked 
|  96|0x0000000086000000, 0x0000000086100000, 0x0000000086100000|100%| O|  |TAMS 0x0000000086100000, 0x0000000086000000| Untracked 
|  97|0x0000000086100000, 0x0000000086200000, 0x0000000086200000|100%| O|  |TAMS 0x0000000086200000, 0x0000000086100000| Untracked 
|  98|0x0000000086200000, 0x0000000086300000, 0x0000000086300000|100%| O|  |TAMS 0x0000000086300000, 0x0000000086200000| Untracked 
|  99|0x0000000086300000, 0x0000000086372800, 0x0000000086400000| 44%| O|  |TAMS 0x0000000086372800, 0x0000000086300000| Untracked 
| 100|0x0000000086400000, 0x0000000086500000, 0x0000000086500000|100%|HS|  |TAMS 0x0000000086400000, 0x0000000086400000| Complete 
| 101|0x0000000086500000, 0x0000000086600000, 0x0000000086600000|100%|HC|  |TAMS 0x0000000086500000, 0x0000000086500000| Complete 
| 102|0x0000000086600000, 0x0000000086700000, 0x0000000086700000|100%|HS|  |TAMS 0x0000000086600000, 0x0000000086600000| Complete 
| 103|0x0000000086700000, 0x0000000086800000, 0x0000000086800000|100%|HC|  |TAMS 0x0000000086700000, 0x0000000086700000| Complete 
| 104|0x0000000086800000, 0x0000000086900000, 0x0000000086900000|100%|HS|  |TAMS 0x0000000086800000, 0x0000000086800000| Complete 
| 105|0x0000000086900000, 0x0000000086a00000, 0x0000000086a00000|100%|HC|  |TAMS 0x0000000086900000, 0x0000000086900000| Complete 
| 106|0x0000000086a00000, 0x0000000086b00000, 0x0000000086b00000|100%|HS|  |TAMS 0x0000000086a00000, 0x0000000086a00000| Complete 
| 107|0x0000000086b00000, 0x0000000086c00000, 0x0000000086c00000|100%|HC|  |TAMS 0x0000000086b00000, 0x0000000086b00000| Complete 
| 108|0x0000000086c00000, 0x0000000086d00000, 0x0000000086d00000|100%|HS|  |TAMS 0x0000000086c00000, 0x0000000086c00000| Complete 
| 109|0x0000000086d00000, 0x0000000086e00000, 0x0000000086e00000|100%|HC|  |TAMS 0x0000000086d00000, 0x0000000086d00000| Complete 
| 110|0x0000000086e00000, 0x0000000086f00000, 0x0000000086f00000|100%|HS|  |TAMS 0x0000000086e00000, 0x0000000086e00000| Complete 
| 111|0x0000000086f00000, 0x0000000087000000, 0x0000000087000000|100%|HC|  |TAMS 0x0000000086f00000, 0x0000000086f00000| Complete 
| 112|0x0000000087000000, 0x0000000087100000, 0x0000000087100000|100%|HS|  |TAMS 0x0000000087000000, 0x0000000087000000| Complete 
| 113|0x0000000087100000, 0x0000000087200000, 0x0000000087200000|100%|HC|  |TAMS 0x0000000087100000, 0x0000000087100000| Complete 
| 114|0x0000000087200000, 0x0000000087300000, 0x0000000087300000|100%|HS|  |TAMS 0x0000000087200000, 0x0000000087200000| Complete 
| 115|0x0000000087300000, 0x0000000087400000, 0x0000000087400000|100%|HC|  |TAMS 0x0000000087300000, 0x0000000087300000| Complete 
| 116|0x0000000087400000, 0x0000000087400000, 0x0000000087500000|  0%| F|  |TAMS 0x0000000087400000, 0x0000000087400000| Untracked 
| 117|0x0000000087500000, 0x0000000087500000, 0x0000000087600000|  0%| F|  |TAMS 0x0000000087500000, 0x0000000087500000| Untracked 
| 118|0x0000000087600000, 0x0000000087600000, 0x0000000087700000|  0%| F|  |TAMS 0x0000000087600000, 0x0000000087600000| Untracked 
| 119|0x0000000087700000, 0x0000000087700000, 0x0000000087800000|  0%| F|  |TAMS 0x0000000087700000, 0x0000000087700000| Untracked 
| 120|0x0000000087800000, 0x0000000087800000, 0x0000000087900000|  0%| F|  |TAMS 0x0000000087800000, 0x0000000087800000| Untracked 
| 121|0x0000000087900000, 0x0000000087900000, 0x0000000087a00000|  0%| F|  |TAMS 0x0000000087900000, 0x0000000087900000| Untracked 
| 122|0x0000000087a00000, 0x0000000087a00000, 0x0000000087b00000|  0%| F|  |TAMS 0x0000000087a00000, 0x0000000087a00000| Untracked 
| 123|0x0000000087b00000, 0x0000000087b00000, 0x0000000087c00000|  0%| F|  |TAMS 0x0000000087b00000, 0x0000000087b00000| Untracked 
| 124|0x0000000087c00000, 0x0000000087c00000, 0x0000000087d00000|  0%| F|  |TAMS 0x0000000087c00000, 0x0000000087c00000| Untracked 
| 125|0x0000000087d00000, 0x0000000087d00000, 0x0000000087e00000|  0%| F|  |TAMS 0x0000000087d00000, 0x0000000087d00000| Untracked 
| 126|0x0000000087e00000, 0x0000000087e00000, 0x0000000087f00000|  0%| F|  |TAMS 0x0000000087e00000, 0x0000000087e00000| Untracked 
| 127|0x0000000087f00000, 0x0000000087f00000, 0x0000000088000000|  0%| F|  |TAMS 0x0000000087f00000, 0x0000000087f00000| Untracked 
| 128|0x0000000088000000, 0x0000000088000000, 0x0000000088100000|  0%| F|  |TAMS 0x0000000088000000, 0x0000000088000000| Untracked 
| 129|0x0000000088100000, 0x0000000088100000, 0x0000000088200000|  0%| F|  |TAMS 0x0000000088100000, 0x0000000088100000| Untracked 
| 130|0x0000000088200000, 0x0000000088200000, 0x0000000088300000|  0%| F|  |TAMS 0x0000000088200000, 0x0000000088200000| Untracked 
| 131|0x0000000088300000, 0x0000000088300000, 0x0000000088400000|  0%| F|  |TAMS 0x0000000088300000, 0x0000000088300000| Untracked 
| 132|0x0000000088400000, 0x0000000088400000, 0x0000000088500000|  0%| F|  |TAMS 0x0000000088400000, 0x0000000088400000| Untracked 
| 133|0x0000000088500000, 0x0000000088500000, 0x0000000088600000|  0%| F|  |TAMS 0x0000000088500000, 0x0000000088500000| Untracked 
| 134|0x0000000088600000, 0x0000000088600000, 0x0000000088700000|  0%| F|  |TAMS 0x0000000088600000, 0x0000000088600000| Untracked 
| 135|0x0000000088700000, 0x0000000088700000, 0x0000000088800000|  0%| F|  |TAMS 0x0000000088700000, 0x0000000088700000| Untracked 
| 136|0x0000000088800000, 0x0000000088800000, 0x0000000088900000|  0%| F|  |TAMS 0x0000000088800000, 0x0000000088800000| Untracked 
| 137|0x0000000088900000, 0x0000000088900000, 0x0000000088a00000|  0%| F|  |TAMS 0x0000000088900000, 0x0000000088900000| Untracked 
| 138|0x0000000088a00000, 0x0000000088a00000, 0x0000000088b00000|  0%| F|  |TAMS 0x0000000088a00000, 0x0000000088a00000| Untracked 
| 139|0x0000000088b00000, 0x0000000088b00000, 0x0000000088c00000|  0%| F|  |TAMS 0x0000000088b00000, 0x0000000088b00000| Untracked 
| 140|0x0000000088c00000, 0x0000000088c00000, 0x0000000088d00000|  0%| F|  |TAMS 0x0000000088c00000, 0x0000000088c00000| Untracked 
| 141|0x0000000088d00000, 0x0000000088d00000, 0x0000000088e00000|  0%| F|  |TAMS 0x0000000088d00000, 0x0000000088d00000| Untracked 
| 142|0x0000000088e00000, 0x0000000088e00000, 0x0000000088f00000|  0%| F|  |TAMS 0x0000000088e00000, 0x0000000088e00000| Untracked 
| 143|0x0000000088f00000, 0x0000000088f00000, 0x0000000089000000|  0%| F|  |TAMS 0x0000000088f00000, 0x0000000088f00000| Untracked 
| 144|0x0000000089000000, 0x0000000089000000, 0x0000000089100000|  0%| F|  |TAMS 0x0000000089000000, 0x0000000089000000| Untracked 
| 145|0x0000000089100000, 0x0000000089100000, 0x0000000089200000|  0%| F|  |TAMS 0x0000000089100000, 0x0000000089100000| Untracked 
| 146|0x0000000089200000, 0x0000000089200000, 0x0000000089300000|  0%| F|  |TAMS 0x0000000089200000, 0x0000000089200000| Untracked 
| 147|0x0000000089300000, 0x0000000089300000, 0x0000000089400000|  0%| F|  |TAMS 0x0000000089300000, 0x0000000089300000| Untracked 
| 148|0x0000000089400000, 0x0000000089400000, 0x0000000089500000|  0%| F|  |TAMS 0x0000000089400000, 0x0000000089400000| Untracked 
| 149|0x0000000089500000, 0x0000000089500000, 0x0000000089600000|  0%| F|  |TAMS 0x0000000089500000, 0x0000000089500000| Untracked 
| 150|0x0000000089600000, 0x0000000089600000, 0x0000000089700000|  0%| F|  |TAMS 0x0000000089600000, 0x0000000089600000| Untracked 
| 151|0x0000000089700000, 0x0000000089700000, 0x0000000089800000|  0%| F|  |TAMS 0x0000000089700000, 0x0000000089700000| Untracked 
| 152|0x0000000089800000, 0x0000000089800000, 0x0000000089900000|  0%| F|  |TAMS 0x0000000089800000, 0x0000000089800000| Untracked 
| 153|0x0000000089900000, 0x0000000089900000, 0x0000000089a00000|  0%| F|  |TAMS 0x0000000089900000, 0x0000000089900000| Untracked 
| 154|0x0000000089a00000, 0x0000000089a00000, 0x0000000089b00000|  0%| F|  |TAMS 0x0000000089a00000, 0x0000000089a00000| Untracked 
| 155|0x0000000089b00000, 0x0000000089b00000, 0x0000000089c00000|  0%| F|  |TAMS 0x0000000089b00000, 0x0000000089b00000| Untracked 
| 156|0x0000000089c00000, 0x0000000089c00000, 0x0000000089d00000|  0%| F|  |TAMS 0x0000000089c00000, 0x0000000089c00000| Untracked 
| 157|0x0000000089d00000, 0x0000000089d00000, 0x0000000089e00000|  0%| F|  |TAMS 0x0000000089d00000, 0x0000000089d00000| Untracked 
| 158|0x0000000089e00000, 0x0000000089e00000, 0x0000000089f00000|  0%| F|  |TAMS 0x0000000089e00000, 0x0000000089e00000| Untracked 
| 159|0x0000000089f00000, 0x0000000089f00000, 0x000000008a000000|  0%| F|  |TAMS 0x0000000089f00000, 0x0000000089f00000| Untracked 
| 160|0x000000008a000000, 0x000000008a000000, 0x000000008a100000|  0%| F|  |TAMS 0x000000008a000000, 0x000000008a000000| Untracked 
| 161|0x000000008a100000, 0x000000008a100000, 0x000000008a200000|  0%| F|  |TAMS 0x000000008a100000, 0x000000008a100000| Untracked 
| 162|0x000000008a200000, 0x000000008a200000, 0x000000008a300000|  0%| F|  |TAMS 0x000000008a200000, 0x000000008a200000| Untracked 
| 163|0x000000008a300000, 0x000000008a300000, 0x000000008a400000|  0%| F|  |TAMS 0x000000008a300000, 0x000000008a300000| Untracked 
| 164|0x000000008a400000, 0x000000008a400000, 0x000000008a500000|  0%| F|  |TAMS 0x000000008a400000, 0x000000008a400000| Untracked 
| 165|0x000000008a500000, 0x000000008a500000, 0x000000008a600000|  0%| F|  |TAMS 0x000000008a500000, 0x000000008a500000| Untracked 
| 166|0x000000008a600000, 0x000000008a600000, 0x000000008a700000|  0%| F|  |TAMS 0x000000008a600000, 0x000000008a600000| Untracked 
| 167|0x000000008a700000, 0x000000008a700000, 0x000000008a800000|  0%| F|  |TAMS 0x000000008a700000, 0x000000008a700000| Untracked 
| 168|0x000000008a800000, 0x000000008a800000, 0x000000008a900000|  0%| F|  |TAMS 0x000000008a800000, 0x000000008a800000| Untracked 
| 169|0x000000008a900000, 0x000000008a900000, 0x000000008aa00000|  0%| F|  |TAMS 0x000000008a900000, 0x000000008a900000| Untracked 
| 170|0x000000008aa00000, 0x000000008aa00000, 0x000000008ab00000|  0%| F|  |TAMS 0x000000008aa00000, 0x000000008aa00000| Untracked 
| 171|0x000000008ab00000, 0x000000008ab00000, 0x000000008ac00000|  0%| F|  |TAMS 0x000000008ab00000, 0x000000008ab00000| Untracked 
| 172|0x000000008ac00000, 0x000000008ac00000, 0x000000008ad00000|  0%| F|  |TAMS 0x000000008ac00000, 0x000000008ac00000| Untracked 
| 173|0x000000008ad00000, 0x000000008ad00000, 0x000000008ae00000|  0%| F|  |TAMS 0x000000008ad00000, 0x000000008ad00000| Untracked 
| 174|0x000000008ae00000, 0x000000008ae00000, 0x000000008af00000|  0%| F|  |TAMS 0x000000008ae00000, 0x000000008ae00000| Untracked 
| 175|0x000000008af00000, 0x000000008af00000, 0x000000008b000000|  0%| F|  |TAMS 0x000000008af00000, 0x000000008af00000| Untracked 
| 176|0x000000008b000000, 0x000000008b000000, 0x000000008b100000|  0%| F|  |TAMS 0x000000008b000000, 0x000000008b000000| Untracked 
| 177|0x000000008b100000, 0x000000008b100000, 0x000000008b200000|  0%| F|  |TAMS 0x000000008b100000, 0x000000008b100000| Untracked 
| 178|0x000000008b200000, 0x000000008b200000, 0x000000008b300000|  0%| F|  |TAMS 0x000000008b200000, 0x000000008b200000| Untracked 
| 179|0x000000008b300000, 0x000000008b300000, 0x000000008b400000|  0%| F|  |TAMS 0x000000008b300000, 0x000000008b300000| Untracked 
| 180|0x000000008b400000, 0x000000008b400000, 0x000000008b500000|  0%| F|  |TAMS 0x000000008b400000, 0x000000008b400000| Untracked 
| 181|0x000000008b500000, 0x000000008b500000, 0x000000008b600000|  0%| F|  |TAMS 0x000000008b500000, 0x000000008b500000| Untracked 
| 182|0x000000008b600000, 0x000000008b600000, 0x000000008b700000|  0%| F|  |TAMS 0x000000008b600000, 0x000000008b600000| Untracked 
| 183|0x000000008b700000, 0x000000008b700000, 0x000000008b800000|  0%| F|  |TAMS 0x000000008b700000, 0x000000008b700000| Untracked 
| 184|0x000000008b800000, 0x000000008b800000, 0x000000008b900000|  0%| F|  |TAMS 0x000000008b800000, 0x000000008b800000| Untracked 
| 185|0x000000008b900000, 0x000000008b900000, 0x000000008ba00000|  0%| F|  |TAMS 0x000000008b900000, 0x000000008b900000| Untracked 
| 186|0x000000008ba00000, 0x000000008ba00000, 0x000000008bb00000|  0%| F|  |TAMS 0x000000008ba00000, 0x000000008ba00000| Untracked 
| 187|0x000000008bb00000, 0x000000008bb00000, 0x000000008bc00000|  0%| F|  |TAMS 0x000000008bb00000, 0x000000008bb00000| Untracked 
| 188|0x000000008bc00000, 0x000000008bc00000, 0x000000008bd00000|  0%| F|  |TAMS 0x000000008bc00000, 0x000000008bc00000| Untracked 
| 189|0x000000008bd00000, 0x000000008be00000, 0x000000008be00000|100%| E|  |TAMS 0x000000008bd00000, 0x000000008bd00000| Complete 
| 190|0x000000008be00000, 0x000000008bf00000, 0x000000008bf00000|100%| E|CS|TAMS 0x000000008be00000, 0x000000008be00000| Complete 
| 191|0x000000008bf00000, 0x000000008c000000, 0x000000008c000000|100%| E|CS|TAMS 0x000000008bf00000, 0x000000008bf00000| Complete 
| 192|0x000000008c000000, 0x000000008c100000, 0x000000008c100000|100%| E|  |TAMS 0x000000008c000000, 0x000000008c000000| Complete 
| 193|0x000000008c100000, 0x000000008c200000, 0x000000008c200000|100%| E|CS|TAMS 0x000000008c100000, 0x000000008c100000| Complete 
| 194|0x000000008c200000, 0x000000008c300000, 0x000000008c300000|100%| E|CS|TAMS 0x000000008c200000, 0x000000008c200000| Complete 
| 195|0x000000008c300000, 0x000000008c400000, 0x000000008c400000|100%| E|CS|TAMS 0x000000008c300000, 0x000000008c300000| Complete 
| 196|0x000000008c400000, 0x000000008c500000, 0x000000008c500000|100%| E|CS|TAMS 0x000000008c400000, 0x000000008c400000| Complete 
| 197|0x000000008c500000, 0x000000008c600000, 0x000000008c600000|100%| E|CS|TAMS 0x000000008c500000, 0x000000008c500000| Complete 
| 198|0x000000008c600000, 0x000000008c700000, 0x000000008c700000|100%| E|CS|TAMS 0x000000008c600000, 0x000000008c600000| Complete 
| 199|0x000000008c700000, 0x000000008c800000, 0x000000008c800000|100%| E|CS|TAMS 0x000000008c700000, 0x000000008c700000| Complete 
| 200|0x000000008c800000, 0x000000008c900000, 0x000000008c900000|100%| E|CS|TAMS 0x000000008c800000, 0x000000008c800000| Complete 
| 201|0x000000008c900000, 0x000000008ca00000, 0x000000008ca00000|100%| E|CS|TAMS 0x000000008c900000, 0x000000008c900000| Complete 
| 202|0x000000008ca00000, 0x000000008cb00000, 0x000000008cb00000|100%| E|CS|TAMS 0x000000008ca00000, 0x000000008ca00000| Complete 
| 203|0x000000008cb00000, 0x000000008cc00000, 0x000000008cc00000|100%| E|CS|TAMS 0x000000008cb00000, 0x000000008cb00000| Complete 
| 204|0x000000008cc00000, 0x000000008cd00000, 0x000000008cd00000|100%| E|CS|TAMS 0x000000008cc00000, 0x000000008cc00000| Complete 
| 205|0x000000008cd00000, 0x000000008ce00000, 0x000000008ce00000|100%| E|CS|TAMS 0x000000008cd00000, 0x000000008cd00000| Complete 
| 206|0x000000008ce00000, 0x000000008cf00000, 0x000000008cf00000|100%| E|CS|TAMS 0x000000008ce00000, 0x000000008ce00000| Complete 
| 207|0x000000008cf00000, 0x000000008d000000, 0x000000008d000000|100%| E|CS|TAMS 0x000000008cf00000, 0x000000008cf00000| Complete 
| 208|0x000000008d000000, 0x000000008d100000, 0x000000008d100000|100%| E|CS|TAMS 0x000000008d000000, 0x000000008d000000| Complete 
| 209|0x000000008d100000, 0x000000008d200000, 0x000000008d200000|100%| E|CS|TAMS 0x000000008d100000, 0x000000008d100000| Complete 
| 210|0x000000008d200000, 0x000000008d300000, 0x000000008d300000|100%| E|CS|TAMS 0x000000008d200000, 0x000000008d200000| Complete 
| 211|0x000000008d300000, 0x000000008d400000, 0x000000008d400000|100%| E|CS|TAMS 0x000000008d300000, 0x000000008d300000| Complete 
| 212|0x000000008d400000, 0x000000008d500000, 0x000000008d500000|100%| E|CS|TAMS 0x000000008d400000, 0x000000008d400000| Complete 
| 213|0x000000008d500000, 0x000000008d600000, 0x000000008d600000|100%| E|CS|TAMS 0x000000008d500000, 0x000000008d500000| Complete 
| 214|0x000000008d600000, 0x000000008d700000, 0x000000008d700000|100%| E|CS|TAMS 0x000000008d600000, 0x000000008d600000| Complete 
| 215|0x000000008d700000, 0x000000008d800000, 0x000000008d800000|100%| E|CS|TAMS 0x000000008d700000, 0x000000008d700000| Complete 
| 216|0x000000008d800000, 0x000000008d900000, 0x000000008d900000|100%| E|CS|TAMS 0x000000008d800000, 0x000000008d800000| Complete 
| 217|0x000000008d900000, 0x000000008da00000, 0x000000008da00000|100%| E|CS|TAMS 0x000000008d900000, 0x000000008d900000| Complete 
| 218|0x000000008da00000, 0x000000008db00000, 0x000000008db00000|100%| E|CS|TAMS 0x000000008da00000, 0x000000008da00000| Complete 
| 219|0x000000008db00000, 0x000000008dc00000, 0x000000008dc00000|100%| E|CS|TAMS 0x000000008db00000, 0x000000008db00000| Complete 
| 220|0x000000008dc00000, 0x000000008dd00000, 0x000000008dd00000|100%| E|CS|TAMS 0x000000008dc00000, 0x000000008dc00000| Complete 
| 221|0x000000008dd00000, 0x000000008de00000, 0x000000008de00000|100%| E|CS|TAMS 0x000000008dd00000, 0x000000008dd00000| Complete 
| 222|0x000000008de00000, 0x000000008df00000, 0x000000008df00000|100%| E|CS|TAMS 0x000000008de00000, 0x000000008de00000| Complete 
| 223|0x000000008df00000, 0x000000008e000000, 0x000000008e000000|100%| E|CS|TAMS 0x000000008df00000, 0x000000008df00000| Complete 
| 224|0x000000008e000000, 0x000000008e100000, 0x000000008e100000|100%| E|CS|TAMS 0x000000008e000000, 0x000000008e000000| Complete 
| 225|0x000000008e100000, 0x000000008e17f4e0, 0x000000008e200000| 49%| S|CS|TAMS 0x000000008e100000, 0x000000008e100000| Complete 
| 226|0x000000008e200000, 0x000000008e300000, 0x000000008e300000|100%| S|CS|TAMS 0x000000008e200000, 0x000000008e200000| Complete 
| 227|0x000000008e300000, 0x000000008e400000, 0x000000008e400000|100%| S|CS|TAMS 0x000000008e300000, 0x000000008e300000| Complete 
| 228|0x000000008e400000, 0x000000008e500000, 0x000000008e500000|100%| S|CS|TAMS 0x000000008e400000, 0x000000008e400000| Complete 
| 229|0x000000008e500000, 0x000000008e600000, 0x000000008e600000|100%| S|CS|TAMS 0x000000008e500000, 0x000000008e500000| Complete 
| 230|0x000000008e600000, 0x000000008e700000, 0x000000008e700000|100%| E|CS|TAMS 0x000000008e600000, 0x000000008e600000| Complete 
| 231|0x000000008e700000, 0x000000008e800000, 0x000000008e800000|100%| E|CS|TAMS 0x000000008e700000, 0x000000008e700000| Complete 
| 232|0x000000008e800000, 0x000000008e900000, 0x000000008e900000|100%| E|CS|TAMS 0x000000008e800000, 0x000000008e800000| Complete 
| 233|0x000000008e900000, 0x000000008ea00000, 0x000000008ea00000|100%| E|CS|TAMS 0x000000008e900000, 0x000000008e900000| Complete 

Card table byte_map: [0x000001eb2bec0000,0x000001eb2c2c0000] _byte_map_base: 0x000001eb2bac0000

Marking Bits (Prev, Next): (CMBitMap*) 0x000001eb18cb6908, (CMBitMap*) 0x000001eb18cb6940
 Prev Bits: [0x000001eb2c6c0000, 0x000001eb2e6c0000)
 Next Bits: [0x000001eb2e6c0000, 0x000001eb306c0000)

Polling page: 0x000001eb18440000

Metaspace:

Usage:
  Non-class:     84.68 MB capacity,    83.00 MB ( 98%) used,     1.36 MB (  2%) free+waste,   326.12 KB ( <1%) overhead. 
      Class:     13.25 MB capacity,    12.21 MB ( 92%) used,   920.34 KB (  7%) free+waste,   146.50 KB (  1%) overhead. 
       Both:     97.93 MB capacity,    95.21 MB ( 97%) used,     2.26 MB (  2%) free+waste,   472.62 KB ( <1%) overhead. 

Virtual space:
  Non-class space:       86.00 MB reserved,      84.92 MB ( 99%) committed 
      Class space:        1.00 GB reserved,      13.38 MB (  1%) committed 
             Both:        1.08 GB reserved,      98.30 MB (  9%) committed 

Chunk freelists:
   Non-Class:  55.00 KB
       Class:  0 bytes
        Both:  55.00 KB

MaxMetaspaceSize: 17179869184.00 GB
CompressedClassSpaceSize: 1.00 GB
Initial GC threshold: 20.80 MB
Current GC threshold: 161.75 MB
CDS: off

CodeHeap 'non-profiled nmethods': size=120000Kb used=5702Kb max_used=5702Kb free=114297Kb
 bounds [0x000001eb24260000, 0x000001eb24800000, 0x000001eb2b790000]
CodeHeap 'profiled nmethods': size=120000Kb used=26320Kb max_used=26320Kb free=93679Kb
 bounds [0x000001eb1cd30000, 0x000001eb1e6f0000, 0x000001eb24260000]
CodeHeap 'non-nmethods': size=5760Kb used=2410Kb max_used=2446Kb free=3349Kb
 bounds [0x000001eb1c790000, 0x000001eb1ca10000, 0x000001eb1cd30000]
 total_blobs=14375 nmethods=13432 adapters=855
 compilation: enabled
              stopped_count=0, restarted_count=0
 full_count=0

Compilation events (20 events):
Event: 219.392 Thread 0x000001eb3312e800 nmethod 13947 0x000001eb1e6d4d90 code [0x000001eb1e6d4f40, 0x000001eb1e6d50b8]
Event: 219.393 Thread 0x000001eb3312e800 13948       2       org.gradle.api.internal.artifacts.ivyservice.ivyresolve.CachingModuleComponentRepository::access$1200 (6 bytes)
Event: 219.393 Thread 0x000001eb3312e800 nmethod 13948 0x000001eb1e6d5190 code [0x000001eb1e6d5360, 0x000001eb1e6d5588]
Event: 219.394 Thread 0x000001eb3312e800 13949       2       org.gradle.api.internal.artifacts.ivyservice.ivyresolve.ErrorHandlingModuleComponentRepository$ErrorHandlingModuleComponentRepositoryAccess$$Lambda$577/0x0000000100686c40::<init> (26 bytes)
Event: 219.394 Thread 0x000001eb3312e800 nmethod 13949 0x000001eb1e6d5690 code [0x000001eb1e6d5840, 0x000001eb1e6d5ab8]
Event: 219.394 Thread 0x000001eb3312e800 13950       2       java.security.AccessController::getContext (23 bytes)
Event: 219.395 Thread 0x000001eb3312e800 nmethod 13950 0x000001eb1e6d5b90 code [0x000001eb1e6d5d60, 0x000001eb1e6d5ef8]
Event: 219.395 Thread 0x000001eb3312e800 13952       2       org.gradle.api.internal.artifacts.ivyservice.ivyresolve.CachingModuleComponentRepository$LocateInCacheRepositoryAccess::resolveArtifactFromCache (295 bytes)
Event: 219.400 Thread 0x000001eb3312e800 nmethod 13952 0x000001eb1e6d6010 code [0x000001eb1e6d63a0, 0x000001eb1e6d7478]
Event: 219.400 Thread 0x000001eb3312e800 13953       2       java.lang.ThreadLocal$ThreadLocalMap::setThreshold (10 bytes)
Event: 219.401 Thread 0x000001eb3312e800 nmethod 13953 0x000001eb1e6d8190 code [0x000001eb1e6d8340, 0x000001eb1e6d8478]
Event: 219.413 Thread 0x000001eb3312e800 13955       2       org.gradle.internal.resource.cached.AbstractCachedIndex::getPersistentCache (20 bytes)
Event: 219.414 Thread 0x000001eb3312e800 nmethod 13955 0x000001eb1e6d8510 code [0x000001eb1e6d86c0, 0x000001eb1e6d8868]
Event: 219.414 Thread 0x000001eb3312e800 13956       2       org.gradle.api.internal.artifacts.ivyservice.modulecache.artifacts.DefaultModuleArtifactCache$ArtifactAtRepositoryKeySerializer::write (10 bytes)
Event: 219.414 Thread 0x000001eb3312e800 nmethod 13956 0x000001eb1e6d8910 code [0x000001eb1e6d8ae0, 0x000001eb1e6d8c98]
Event: 219.414 Thread 0x000001eb3312e800 13957       2       org.gradle.api.internal.artifacts.ivyservice.modulecache.artifacts.DefaultModuleArtifactCache$ArtifactAtRepositoryKeySerializer::write (25 bytes)
Event: 219.415 Thread 0x000001eb3312e800 nmethod 13957 0x000001eb1e6d8e10 code [0x000001eb1e6d8fe0, 0x000001eb1e6d9158]
Event: 219.415 Thread 0x000001eb3312e800 13958       2       org.gradle.api.internal.artifacts.ivyservice.modulecache.artifacts.DefaultModuleArtifactCache$CachedArtifactSerializer::read (6 bytes)
Event: 219.415 Thread 0x000001eb3312e800 nmethod 13958 0x000001eb1e6d9290 code [0x000001eb1e6d9440, 0x000001eb1e6d9548]
Event: 219.415 Thread 0x000001eb3312e800 13959       2       org.gradle.api.internal.artifacts.ivyservice.modulecache.artifacts.DefaultModuleArtifactCache$CachedArtifactSerializer::read (116 bytes)

GC Heap History (20 events):
Event: 16.404 GC heap before
{Heap before GC invocations=22 (full 0):
 garbage-first heap   total 165888K, used 133789K [0x0000000080000000, 0x0000000100000000)
  region size 1024K, 57 young (58368K), 4 survivors (4096K)
 Metaspace       used 84304K, capacity 86826K, committed 87088K, reserved 1124352K
  class space    used 11080K, capacity 12048K, committed 12160K, reserved 1048576K
}
Event: 16.414 GC heap after
{Heap after GC invocations=23 (full 0):
 garbage-first heap   total 165888K, used 83353K [0x0000000080000000, 0x0000000100000000)
  region size 1024K, 7 young (7168K), 7 survivors (7168K)
 Metaspace       used 84304K, capacity 86826K, committed 87088K, reserved 1124352K
  class space    used 11080K, capacity 12048K, committed 12160K, reserved 1048576K
}
Event: 17.214 GC heap before
{Heap before GC invocations=24 (full 0):
 garbage-first heap   total 165888K, used 135577K [0x0000000080000000, 0x0000000100000000)
  region size 1024K, 59 young (60416K), 7 survivors (7168K)
 Metaspace       used 87043K, capacity 89569K, committed 90160K, reserved 1126400K
  class space    used 11263K, capacity 12177K, committed 12416K, reserved 1048576K
}
Event: 17.222 GC heap after
{Heap after GC invocations=25 (full 0):
 garbage-first heap   total 165888K, used 86361K [0x0000000080000000, 0x0000000100000000)
  region size 1024K, 7 young (7168K), 7 survivors (7168K)
 Metaspace       used 87043K, capacity 89569K, committed 90160K, reserved 1126400K
  class space    used 11263K, capacity 12177K, committed 12416K, reserved 1048576K
}
Event: 17.403 GC heap before
{Heap before GC invocations=25 (full 0):
 garbage-first heap   total 165888K, used 105817K [0x0000000080000000, 0x0000000100000000)
  region size 1024K, 27 young (27648K), 7 survivors (7168K)
 Metaspace       used 87512K, capacity 89993K, committed 90416K, reserved 1128448K
  class space    used 11308K, capacity 12210K, committed 12416K, reserved 1048576K
}
Event: 17.412 GC heap after
{Heap after GC invocations=26 (full 0):
 garbage-first heap   total 165888K, used 87166K [0x0000000080000000, 0x0000000100000000)
  region size 1024K, 4 young (4096K), 4 survivors (4096K)
 Metaspace       used 87512K, capacity 89993K, committed 90416K, reserved 1128448K
  class space    used 11308K, capacity 12210K, committed 12416K, reserved 1048576K
}
Event: 17.965 GC heap before
{Heap before GC invocations=27 (full 0):
 garbage-first heap   total 165888K, used 138366K [0x0000000080000000, 0x0000000100000000)
  region size 1024K, 54 young (55296K), 4 survivors (4096K)
 Metaspace       used 91177K, capacity 93604K, committed 94000K, reserved 1130496K
  class space    used 11810K, capacity 12706K, committed 12928K, reserved 1048576K
}
Event: 17.971 GC heap after
{Heap after GC invocations=28 (full 0):
 garbage-first heap   total 199680K, used 86135K [0x0000000080000000, 0x0000000100000000)
  region size 1024K, 3 young (3072K), 3 survivors (3072K)
 Metaspace       used 91177K, capacity 93604K, committed 94000K, reserved 1130496K
  class space    used 11810K, capacity 12706K, committed 12928K, reserved 1048576K
}
Event: 18.558 GC heap before
{Heap before GC invocations=28 (full 0):
 garbage-first heap   total 199680K, used 158839K [0x0000000080000000, 0x0000000100000000)
  region size 1024K, 75 young (76800K), 3 survivors (3072K)
 Metaspace       used 91844K, capacity 94380K, committed 94768K, reserved 1130496K
  class space    used 11869K, capacity 12807K, committed 12928K, reserved 1048576K
}
Event: 18.568 GC heap after
{Heap after GC invocations=29 (full 0):
 garbage-first heap   total 199680K, used 91457K [0x0000000080000000, 0x0000000100000000)
  region size 1024K, 8 young (8192K), 8 survivors (8192K)
 Metaspace       used 91844K, capacity 94380K, committed 94768K, reserved 1130496K
  class space    used 11869K, capacity 12807K, committed 12928K, reserved 1048576K
}
Event: 18.993 GC heap before
{Heap before GC invocations=29 (full 0):
 garbage-first heap   total 199680K, used 161089K [0x0000000080000000, 0x0000000100000000)
  region size 1024K, 77 young (78848K), 8 survivors (8192K)
 Metaspace       used 92016K, capacity 94520K, committed 94768K, reserved 1130496K
  class space    used 11883K, capacity 12820K, committed 12928K, reserved 1048576K
}
Event: 19.003 GC heap after
{Heap after GC invocations=30 (full 0):
 garbage-first heap   total 199680K, used 95536K [0x0000000080000000, 0x0000000100000000)
  region size 1024K, 5 young (5120K), 5 survivors (5120K)
 Metaspace       used 92016K, capacity 94520K, committed 94768K, reserved 1130496K
  class space    used 11883K, capacity 12820K, committed 12928K, reserved 1048576K
}
Event: 22.264 GC heap before
{Heap before GC invocations=30 (full 0):
 garbage-first heap   total 199680K, used 163120K [0x0000000080000000, 0x0000000100000000)
  region size 1024K, 72 young (73728K), 5 survivors (5120K)
 Metaspace       used 93772K, capacity 96371K, committed 96432K, reserved 1132544K
  class space    used 12077K, capacity 13020K, committed 13056K, reserved 1048576K
}
Event: 22.289 GC heap after
{Heap after GC invocations=31 (full 0):
 garbage-first heap   total 199680K, used 102539K [0x0000000080000000, 0x0000000100000000)
  region size 1024K, 9 young (9216K), 9 survivors (9216K)
 Metaspace       used 93772K, capacity 96371K, committed 96432K, reserved 1132544K
  class space    used 12077K, capacity 13020K, committed 13056K, reserved 1048576K
}
Event: 22.696 GC heap before
{Heap before GC invocations=32 (full 0):
 garbage-first heap   total 199680K, used 163979K [0x0000000080000000, 0x0000000100000000)
  region size 1024K, 70 young (71680K), 9 survivors (9216K)
 Metaspace       used 94166K, capacity 96685K, committed 96816K, reserved 1132544K
  class space    used 12112K, capacity 13060K, committed 13184K, reserved 1048576K
}
Event: 22.709 GC heap after
{Heap after GC invocations=33 (full 0):
 garbage-first heap   total 199680K, used 104710K [0x0000000080000000, 0x0000000100000000)
  region size 1024K, 3 young (3072K), 3 survivors (3072K)
 Metaspace       used 94166K, capacity 96685K, committed 96816K, reserved 1132544K
  class space    used 12112K, capacity 13060K, committed 13184K, reserved 1048576K
}
Event: 23.328 GC heap before
{Heap before GC invocations=33 (full 0):
 garbage-first heap   total 199680K, used 137478K [0x0000000080000000, 0x0000000100000000)
  region size 1024K, 37 young (37888K), 3 survivors (3072K)
 Metaspace       used 95979K, capacity 98701K, committed 98864K, reserved 1134592K
  class space    used 12334K, capacity 13363K, committed 13440K, reserved 1048576K
}
Event: 23.335 GC heap after
{Heap after GC invocations=34 (full 0):
 garbage-first heap   total 239616K, used 106200K [0x0000000080000000, 0x0000000100000000)
  region size 1024K, 5 young (5120K), 5 survivors (5120K)
 Metaspace       used 95979K, capacity 98701K, committed 98864K, reserved 1134592K
  class space    used 12334K, capacity 13363K, committed 13440K, reserved 1048576K
}
Event: 23.655 GC heap before
{Heap before GC invocations=35 (full 0):
 garbage-first heap   total 239616K, used 146136K [0x0000000080000000, 0x0000000100000000)
  region size 1024K, 9 young (9216K), 5 survivors (5120K)
 Metaspace       used 96298K, capacity 98987K, committed 99120K, reserved 1134592K
  class space    used 12369K, capacity 13369K, committed 13440K, reserved 1048576K
}
Event: 23.664 GC heap after
{Heap after GC invocations=36 (full 0):
 garbage-first heap   total 239616K, used 106439K [0x0000000080000000, 0x0000000100000000)
  region size 1024K, 5 young (5120K), 5 survivors (5120K)
 Metaspace       used 96298K, capacity 98987K, committed 99120K, reserved 1134592K
  class space    used 12369K, capacity 13369K, committed 13440K, reserved 1048576K
}

Deoptimization events (20 events):
Event: 218.511 Thread 0x000001eb3bf18800 Uncommon trap: trap_request=0xffffff4d fr.pc=0x000001eb24751948 relative=0x00000000000000a8
Event: 218.511 Thread 0x000001eb3bf18800 Uncommon trap: reason=unstable_if action=reinterpret pc=0x000001eb24751948 method=jdk.internal.misc.Unsafe.convEndian(ZJ)J @ 4 c2
Event: 218.511 Thread 0x000001eb3bf18800 DEOPT PACKING pc=0x000001eb24751948 sp=0x0000008b02ff9e50
Event: 218.511 Thread 0x000001eb3bf18800 DEOPT UNPACKING pc=0x000001eb1c7da1af sp=0x0000008b02ff9ce8 mode 2
Event: 219.128 Thread 0x000001eb3bf18800 DEOPT PACKING pc=0x000001eb1dd37e3b sp=0x0000008b02ff82c0
Event: 219.128 Thread 0x000001eb3bf18800 DEOPT UNPACKING pc=0x000001eb1c7da95e sp=0x0000008b02ff7800 mode 0
Event: 219.212 Thread 0x000001eb3bf18800 DEOPT PACKING pc=0x000001eb1dd37e3b sp=0x0000008b02ff82c0
Event: 219.212 Thread 0x000001eb3bf18800 DEOPT UNPACKING pc=0x000001eb1c7da95e sp=0x0000008b02ff7800 mode 0
Event: 219.273 Thread 0x000001eb3bf18800 DEOPT PACKING pc=0x000001eb1e0742f6 sp=0x0000008b02ff80c0
Event: 219.274 Thread 0x000001eb3bf18800 DEOPT UNPACKING pc=0x000001eb1c7da95e sp=0x0000008b02ff75e0 mode 0
Event: 219.283 Thread 0x000001eb3bf18800 DEOPT PACKING pc=0x000001eb1dd37e3b sp=0x0000008b02ff81e0
Event: 219.283 Thread 0x000001eb3bf18800 DEOPT UNPACKING pc=0x000001eb1c7da95e sp=0x0000008b02ff7720 mode 0
Event: 219.323 Thread 0x000001eb3bf18800 DEOPT PACKING pc=0x000001eb1d616358 sp=0x0000008b02ff89c0
Event: 219.323 Thread 0x000001eb3bf18800 DEOPT UNPACKING pc=0x000001eb1c7da95e sp=0x0000008b02ff7ed8 mode 0
Event: 219.351 Thread 0x000001eb3bf18800 DEOPT PACKING pc=0x000001eb1d631f03 sp=0x0000008b02ff8bd0
Event: 219.351 Thread 0x000001eb3bf18800 DEOPT UNPACKING pc=0x000001eb1c7da95e sp=0x0000008b02ff8078 mode 0
Event: 219.373 Thread 0x000001eb3bf23000 Uncommon trap: trap_request=0xffffff4d fr.pc=0x000001eb2478f710 relative=0x0000000000000350
Event: 219.373 Thread 0x000001eb3bf23000 Uncommon trap: reason=unstable_if action=reinterpret pc=0x000001eb2478f710 method=java.util.concurrent.ConcurrentLinkedQueue.offer(Ljava/lang/Object;)Z @ 42 c2
Event: 219.373 Thread 0x000001eb3bf23000 DEOPT PACKING pc=0x000001eb2478f710 sp=0x0000008b04dfd840
Event: 219.373 Thread 0x000001eb3bf23000 DEOPT UNPACKING pc=0x000001eb1c7da1af sp=0x0000008b04dfd7f0 mode 2

Classes redefined (0 events):
No events

Internal exceptions (20 events):
Event: 22.541 Thread 0x000001eb37ac4000 Implicit null exception at 0x000001eb246fc3bf to 0x000001eb246fc878
Event: 22.541 Thread 0x000001eb37ac7800 Implicit null exception at 0x000001eb246fc3bf to 0x000001eb246fc878
Event: 23.055 Thread 0x000001eb3bf22000 Implicit null exception at 0x000001eb246fd72f to 0x000001eb246fde2c
Event: 23.086 Thread 0x000001eb3bf22000 Exception <a 'sun/nio/fs/WindowsException'{0x000000008b221368}> (0x000000008b221368) thrown at [src/hotspot/share/prims/jni.cpp, line 617]
Event: 23.095 Thread 0x000001eb3bf22000 Implicit null exception at 0x000001eb24397314 to 0x000001eb2439a2b8
Event: 23.163 Thread 0x000001eb3bf22000 Exception <a 'java/lang/NoSuchMethodError'{0x000000008ae55220}: 'java.lang.Object java.lang.invoke.DirectMethodHandle$Holder.invokeStatic(java.lang.Object, java.lang.Object, java.lang.Object, java.lang.Object, java.lang.Object, int, java.lang.Object)'> (0x000000008ae55220) thrown at [src/hotspot/share/interpreter/linkResolver.cpp, line 773]
Event: 23.165 Thread 0x000001eb3bf22000 Exception <a 'java/lang/NoSuchMethodError'{0x000000008ae5c8c8}: 'java.lang.Object java.lang.invoke.Invokers$Holder.linkToTargetMethod(java.lang.Object, java.lang.Object, java.lang.Object, java.lang.Object, int, java.lang.Object, java.lang.Object)'> (0x000000008ae5c8c8) thrown at [src/hotspot/share/interpreter/linkResolver.cpp, line 773]
Event: 23.219 Thread 0x000001eb3bf22000 Exception <a 'java/lang/NoSuchMethodError'{0x000000008aa6e188}: 'java.lang.Object java.lang.invoke.DirectMethodHandle$Holder.invokeStatic(java.lang.Object, java.lang.Object, java.lang.Object, java.lang.Object, java.lang.Object, java.lang.Object, java.lang.Object, int)'> (0x000000008aa6e188) thrown at [src/hotspot/share/interpreter/linkResolver.cpp, line 773]
Event: 23.220 Thread 0x000001eb3bf22000 Exception <a 'java/lang/NoSuchMethodError'{0x000000008aa72b48}: 'java.lang.Object java.lang.invoke.DirectMethodHandle$Holder.invokeSpecial(java.lang.Object, java.lang.Object, java.lang.Object, java.lang.Object, java.lang.Object, java.lang.Object, java.lang.Object, java.lang.Object, int)'> (0x000000008aa72b48) thrown at [src/hotspot/share/interpreter/linkResolver.cpp, line 773]
Event: 23.220 Thread 0x000001eb3bf22000 Exception <a 'java/lang/NoSuchMethodError'{0x000000008aa773d8}: 'java.lang.Object java.lang.invoke.Invokers$Holder.linkToTargetMethod(java.lang.Object, java.lang.Object, java.lang.Object, java.lang.Object, java.lang.Object, java.lang.Object, int, java.lang.Object)'> (0x000000008aa773d8) thrown at [src/hotspot/share/interpreter/linkResolver.cpp, line 773]
Event: 23.312 Thread 0x000001eb3bf22000 Exception <a 'sun/nio/fs/WindowsException'{0x000000008a2aca00}> (0x000000008a2aca00) thrown at [src/hotspot/share/prims/jni.cpp, line 617]
Event: 23.312 Thread 0x000001eb3bf22000 Exception <a 'sun/nio/fs/WindowsException'{0x000000008a2aca88}> (0x000000008a2aca88) thrown at [src/hotspot/share/prims/jni.cpp, line 617]
Event: 23.339 Thread 0x000001eb3a969000 Implicit null exception at 0x000001eb2442df48 to 0x000001eb244307d8
Event: 23.339 Thread 0x000001eb3a969000 Implicit null exception at 0x000001eb2462990a to 0x000001eb2462aa18
Event: 23.726 Thread 0x000001eb3bf22000 Exception <a 'java/lang/NoSuchMethodError'{0x000000008e7b70d8}: 'java.lang.Object java.lang.invoke.DirectMethodHandle$Holder.invokeVirtual(java.lang.Object, java.lang.Object, int)'> (0x000000008e7b70d8) thrown at [src/hotspot/share/interpreter/linkResolver.cpp, line 773]
Event: 23.736 Thread 0x000001eb3bf22000 Exception <a 'java/lang/NoSuchMethodError'{0x000000008e7f3120}: 'void java.lang.invoke.DirectMethodHandle$Holder.invokeStatic(java.lang.Object, java.lang.Object, java.lang.Object, int)'> (0x000000008e7f3120) thrown at [src/hotspot/share/interpreter/linkResolver.cpp, line 773]
Event: 23.876 Thread 0x000001eb3589c800 Exception <a 'sun/nio/fs/WindowsException'{0x000000008df67110}> (0x000000008df67110) thrown at [src/hotspot/share/prims/jni.cpp, line 617]
Event: 23.877 Thread 0x000001eb3589c800 Exception <a 'sun/nio/fs/WindowsException'{0x000000008df67198}> (0x000000008df67198) thrown at [src/hotspot/share/prims/jni.cpp, line 617]
Event: 23.879 Thread 0x000001eb3589c800 Exception <a 'sun/nio/fs/WindowsException'{0x000000008df77288}> (0x000000008df77288) thrown at [src/hotspot/share/prims/jni.cpp, line 617]
Event: 32.797 Thread 0x000001eb359e4800 Implicit null exception at 0x000001eb24297597 to 0x000001eb24297fb4

Events (20 events):
Event: 219.386 Thread 0x000001eb38856800 Thread added: 0x000001eb38856800
Event: 219.386 Thread 0x000001eb3885d800 Thread added: 0x000001eb3885d800
Event: 219.388 Thread 0x000001eb38860800 Thread added: 0x000001eb38860800
Event: 219.388 Thread 0x000001eb38861800 Thread added: 0x000001eb38861800
Event: 219.388 Thread 0x000001eb3885e000 Thread added: 0x000001eb3885e000
Event: 219.389 Thread 0x000001eb3885f000 Thread added: 0x000001eb3885f000
Event: 219.390 Thread 0x000001eb3885f800 Thread added: 0x000001eb3885f800
Event: 219.390 Thread 0x000001eb38862000 Thread added: 0x000001eb38862000
Event: 219.391 Thread 0x000001eb3531f800 Thread added: 0x000001eb3531f800
Event: 219.392 Thread 0x000001eb3531e800 Thread added: 0x000001eb3531e800
Event: 219.392 Thread 0x000001eb35322000 Thread added: 0x000001eb35322000
Event: 219.393 Thread 0x000001eb35320800 Thread added: 0x000001eb35320800
Event: 219.393 Thread 0x000001eb35321000 Thread added: 0x000001eb35321000
Event: 219.393 Thread 0x000001eb3531d000 Thread added: 0x000001eb3531d000
Event: 219.394 Thread 0x000001eb35323800 Thread added: 0x000001eb35323800
Event: 219.394 Thread 0x000001eb35323000 Thread added: 0x000001eb35323000
Event: 219.398 Thread 0x000001eb3531e000 Thread added: 0x000001eb3531e000
Event: 219.399 Thread 0x000001eb35324800 Thread added: 0x000001eb35324800
Event: 219.399 Thread 0x000001eb3532b000 Thread added: 0x000001eb3532b000
Event: 219.400 Thread 0x000001eb35329800 Thread added: 0x000001eb35329800


Dynamic libraries:
0x00007ff7c16a0000 - 0x00007ff7c16aa000 	C:\Program Files\Android\Android Studio\jbr\bin\java.exe
0x00007ffb27e90000 - 0x00007ffb280a8000 	C:\WINDOWS\SYSTEM32\ntdll.dll
0x00007ffb267a0000 - 0x00007ffb26864000 	C:\WINDOWS\System32\KERNEL32.DLL
0x00007ffb25680000 - 0x00007ffb25a53000 	C:\WINDOWS\System32\KERNELBASE.dll
0x00007ffb25300000 - 0x00007ffb25411000 	C:\WINDOWS\System32\ucrtbase.dll
0x00007ffb15d30000 - 0x00007ffb15d4b000 	C:\Program Files\Android\Android Studio\jbr\bin\VCRUNTIME140.dll
0x00007ffb14f00000 - 0x00007ffb14f17000 	C:\Program Files\Android\Android Studio\jbr\bin\jli.dll
0x00007ffb25d70000 - 0x00007ffb25f22000 	C:\WINDOWS\System32\USER32.dll
0x00007ffb10d70000 - 0x00007ffb1100c000 	C:\WINDOWS\WinSxS\amd64_microsoft.windows.common-controls_6595b64144ccf1df_6.0.22621.6060_none_2712eda17382d24b\COMCTL32.dll
0x00007ffb25190000 - 0x00007ffb251b6000 	C:\WINDOWS\System32\win32u.dll
0x00007ffb26880000 - 0x00007ffb26927000 	C:\WINDOWS\System32\msvcrt.dll
0x00007ffb26fe0000 - 0x00007ffb27009000 	C:\WINDOWS\System32\GDI32.dll
0x00007ffb254a0000 - 0x00007ffb255bb000 	C:\WINDOWS\System32\gdi32full.dll
0x00007ffb25a90000 - 0x00007ffb25b2a000 	C:\WINDOWS\System32\msvcp_win.dll
0x00007ffb26e80000 - 0x00007ffb26eb1000 	C:\WINDOWS\System32\IMM32.DLL
0x00007ffb15ed0000 - 0x00007ffb15edc000 	C:\Program Files\Android\Android Studio\jbr\bin\vcruntime140_1.dll
0x00007ffae2d80000 - 0x00007ffae2e0d000 	C:\Program Files\Android\Android Studio\jbr\bin\msvcp140.dll
0x00007ffac4780000 - 0x00007ffac533c000 	C:\Program Files\Android\Android Studio\jbr\bin\server\jvm.dll
0x00007ffb25b30000 - 0x00007ffb25be1000 	C:\WINDOWS\System32\ADVAPI32.dll
0x00007ffb26270000 - 0x00007ffb26318000 	C:\WINDOWS\System32\sechost.dll
0x00007ffb25a60000 - 0x00007ffb25a88000 	C:\WINDOWS\System32\bcrypt.dll
0x00007ffb25fc0000 - 0x00007ffb260d8000 	C:\WINDOWS\System32\RPCRT4.dll
0x00007ffb27dc0000 - 0x00007ffb27dc8000 	C:\WINDOWS\System32\PSAPI.DLL
0x00007ffb1f350000 - 0x00007ffb1f359000 	C:\WINDOWS\SYSTEM32\WSOCK32.dll
0x00007ffb21a90000 - 0x00007ffb21ac4000 	C:\WINDOWS\SYSTEM32\WINMM.dll
0x00007ffb1b1a0000 - 0x00007ffb1b1aa000 	C:\WINDOWS\SYSTEM32\VERSION.dll
0x00007ffb26320000 - 0x00007ffb26391000 	C:\WINDOWS\System32\WS2_32.dll
0x00007ffb23f80000 - 0x00007ffb23f98000 	C:\WINDOWS\SYSTEM32\kernel.appcore.dll
0x00007ffb1f340000 - 0x00007ffb1f350000 	C:\Program Files\Android\Android Studio\jbr\bin\verify.dll
0x00007ffb22540000 - 0x00007ffb22773000 	C:\WINDOWS\SYSTEM32\DBGHELP.DLL
0x00007ffb26ae0000 - 0x00007ffb26e71000 	C:\WINDOWS\System32\combase.dll
0x00007ffb26190000 - 0x00007ffb26268000 	C:\WINDOWS\System32\OLEAUT32.dll
0x00007ffb0bca0000 - 0x00007ffb0bcd2000 	C:\WINDOWS\SYSTEM32\dbgcore.DLL
0x00007ffb25420000 - 0x00007ffb2549b000 	C:\WINDOWS\System32\bcryptPrimitives.dll
0x00007ffb15f70000 - 0x00007ffb15f98000 	C:\Program Files\Android\Android Studio\jbr\bin\java.dll
0x00007ffb1f230000 - 0x00007ffb1f23a000 	C:\Program Files\Android\Android Studio\jbr\bin\jimage.dll
0x00007ffb15f50000 - 0x00007ffb15f68000 	C:\Program Files\Android\Android Studio\jbr\bin\zip.dll
0x00007ffb274b0000 - 0x00007ffb27d4c000 	C:\WINDOWS\System32\SHELL32.dll
0x00007ffb251c0000 - 0x00007ffb252ff000 	C:\WINDOWS\System32\wintypes.dll
0x00007ffb22ea0000 - 0x00007ffb237ba000 	C:\WINDOWS\SYSTEM32\windows.storage.dll
0x00007ffb25bf0000 - 0x00007ffb25cf4000 	C:\WINDOWS\System32\SHCORE.dll
0x00007ffb25d00000 - 0x00007ffb25d69000 	C:\WINDOWS\System32\shlwapi.dll
0x00007ffb24ed0000 - 0x00007ffb24ef5000 	C:\WINDOWS\SYSTEM32\profapi.dll
0x00007ffb15f30000 - 0x00007ffb15f49000 	C:\Program Files\Android\Android Studio\jbr\bin\net.dll
0x00007ffb1fb70000 - 0x00007ffb1fc9c000 	C:\WINDOWS\SYSTEM32\WINHTTP.dll
0x00007ffb24460000 - 0x00007ffb244c9000 	C:\WINDOWS\system32\mswsock.dll
0x00007ffb15e20000 - 0x00007ffb15e33000 	C:\Program Files\Android\Android Studio\jbr\bin\nio.dll
0x00007ffaf5db0000 - 0x00007ffaf5dd7000 	C:\Users\πέτρος\.gradle\native\e1d6ef7f7dcc3fd88c89a11ec53ec762bb8ba0a96d01ffa2cd45eb1d1d8dd5c5\windows-amd64\native-platform.dll
0x00007ffad2550000 - 0x00007ffad2694000 	C:\Users\πέτρος\.gradle\native\0d407fdbe67a94daf76414ababcb853783967236a71b16ec16e742cd7a986fd3\windows-amd64\native-platform-file-events.dll
0x00007ffb1d490000 - 0x00007ffb1d49a000 	C:\Program Files\Android\Android Studio\jbr\bin\management.dll
0x00007ffb1d470000 - 0x00007ffb1d47b000 	C:\Program Files\Android\Android Studio\jbr\bin\management_ext.dll
0x00007ffb246b0000 - 0x00007ffb246cb000 	C:\WINDOWS\SYSTEM32\CRYPTSP.dll
0x00007ffb23ee0000 - 0x00007ffb23f17000 	C:\WINDOWS\system32\rsaenh.dll
0x00007ffb24550000 - 0x00007ffb24578000 	C:\WINDOWS\SYSTEM32\USERENV.dll
0x00007ffb246d0000 - 0x00007ffb246dc000 	C:\WINDOWS\SYSTEM32\CRYPTBASE.dll
0x00007ffb23a20000 - 0x00007ffb23a4d000 	C:\WINDOWS\SYSTEM32\IPHLPAPI.DLL
0x00007ffb25fb0000 - 0x00007ffb25fb9000 	C:\WINDOWS\System32\NSI.dll
0x00007ffb20200000 - 0x00007ffb20219000 	C:\WINDOWS\SYSTEM32\dhcpcsvc6.DLL
0x00007ffb1f9a0000 - 0x00007ffb1f9bf000 	C:\WINDOWS\SYSTEM32\dhcpcsvc.DLL
0x00007ffb23a90000 - 0x00007ffb23b88000 	C:\WINDOWS\SYSTEM32\DNSAPI.dll
0x00007ffb152e0000 - 0x00007ffb15307000 	C:\Program Files\Android\Android Studio\jbr\bin\sunec.dll

dbghelp: loaded successfully - version: 4.0.5 - missing functions: none
symbol engine: initialized successfully - sym options: 0x614 - pdb path: .;C:\Program Files\Android\Android Studio\jbr\bin;C:\WINDOWS\SYSTEM32;C:\WINDOWS\WinSxS\amd64_microsoft.windows.common-controls_6595b64144ccf1df_6.0.22621.6060_none_2712eda17382d24b;C:\Program Files\Android\Android Studio\jbr\bin\server;C:\Users\πέτρος\.gradle\native\e1d6ef7f7dcc3fd88c89a11ec53ec762bb8ba0a96d01ffa2cd45eb1d1d8dd5c5\windows-amd64;C:\Users\πέτρος\.gradle\native\0d407fdbe67a94daf76414ababcb853783967236a71b16ec16e742cd7a986fd3\windows-amd64

VM Arguments:
jvm_args: --add-opens=java.base/java.util=ALL-UNNAMED --add-opens=java.base/java.lang=ALL-UNNAMED --add-opens=java.base/java.lang.invoke=ALL-UNNAMED --add-opens=java.base/java.util=ALL-UNNAMED --add-opens=java.prefs/java.util.prefs=ALL-UNNAMED --add-opens=java.prefs/java.util.prefs=ALL-UNNAMED --add-opens=java.base/java.nio.charset=ALL-UNNAMED --add-opens=java.base/java.net=ALL-UNNAMED --add-opens=java.base/java.util.concurrent.atomic=ALL-UNNAMED -Xmx2048m -Dfile.encoding=windows-1253 -Duser.country=GR -Duser.language=el -Duser.variant 
java_command: org.gradle.launcher.daemon.bootstrap.GradleDaemon 7.5
java_class_path (initial): C:\Users\πέτρος\.gradle\wrapper\dists\gradle-7.5-bin\f1w0cc9nuo0eivz97x2xlu9sv\gradle-7.5\lib\gradle-launcher-7.5.jar
Launcher Type: SUN_STANDARD

[Global flags]
     intx CICompilerCount                          = 4                                         {product} {ergonomic}
     uint ConcGCThreads                            = 2                                         {product} {ergonomic}
     uint G1ConcRefinementThreads                  = 8                                         {product} {ergonomic}
   size_t G1HeapRegionSize                         = 1048576                                   {product} {ergonomic}
    uintx GCDrainStackTargetSize                   = 64                                        {product} {ergonomic}
   size_t InitialHeapSize                          = 117440512                                 {product} {ergonomic}
   size_t MarkStackSize                            = 4194304                                   {product} {ergonomic}
   size_t MaxHeapSize                              = 2147483648                                {product} {command line}
   size_t MaxNewSize                               = 1287651328                                {product} {ergonomic}
   size_t MinHeapDeltaBytes                        = 1048576                                   {product} {ergonomic}
    uintx NonNMethodCodeHeapSize                   = 5836300                                {pd product} {ergonomic}
    uintx NonProfiledCodeHeapSize                  = 122910970                              {pd product} {ergonomic}
    uintx ProfiledCodeHeapSize                     = 122910970                              {pd product} {ergonomic}
    uintx ReservedCodeCacheSize                    = 251658240                              {pd product} {ergonomic}
     bool SegmentedCodeCache                       = true                                      {product} {ergonomic}
     bool UseCompressedClassPointers               = true                                 {lp64_product} {ergonomic}
     bool UseCompressedOops                        = true                                 {lp64_product} {ergonomic}
     bool UseG1GC                                  = true                                      {product} {ergonomic}
     bool UseLargePagesIndividualAllocation        = false                                  {pd product} {ergonomic}

Logging:
Log output configuration:
 #0: stdout all=warning uptime,level,tags
 #1: stderr all=off uptime,level,tags

Environment Variables:
PATH=C:\Program Files\Common Files\Oracle\Java\javapath;C:\WINDOWS\system32;C:\WINDOWS;C:\WINDOWS\System32\Wbem;C:\WINDOWS\System32\WindowsPowerShell\v1.0\;C:\WINDOWS\System32\OpenSSH\;C:\Users\πέτρος\Downloads\scrcpy-win64-v2.3.1;C:\Users\πέτρος\AppData\Local\Microsoft\WindowsApps;
USERNAME=Petros
OS=Windows_NT
PROCESSOR_IDENTIFIER=AMD64 Family 23 Model 24 Stepping 1, AuthenticAMD



---------------  S Y S T E M  ---------------

OS: Windows 11 , 64 bit Build 22621 (10.0.22621.5415)
OS uptime: 0 days 0:28 hours

CPU:total 8 (initial active 8) (8 cores per cpu, 2 threads per core) family 23 model 24 stepping 1 microcode 0x0, cmov, cx8, fxsr, mmx, sse, sse2, sse3, ssse3, sse4.1, sse4.2, popcnt, avx, avx2, aes, clmul, mmxext, 3dnowpref, lzcnt, sse4a, ht, tsc, tscinvbit, tscinv, bmi1, bmi2, adx, sha, fma

Memory: 4k page, system-wide physical 7103M (389M free)
TotalPageFile size 12067M (AvailPageFile size 4M)
current process WorkingSet (physical memory assigned to process): 165M, peak: 487M
current process commit charge ("private bytes"): 550M, peak: 556M

vm_info: OpenJDK 64-Bit Server VM (11.0.15+0-b2043.56-9505619) for windows-amd64 JRE (11.0.15+0-b2043.56-9505619), built on Jan 19 2023 02:48:00 by "builduser" with unknown MS VC++:1929

END.
